// Jest Snapshot v1, https://goo.gl/fbAQLP

exports[`tokens expose tokens generated based on JSON file compatible with Figma Tokens plugin 1`] = `
Object {
  "borderRadius": Object {
    "circle": "50%",
    "medium": "4px",
  },
  "borderWidth": Object {
    "medium": "2px",
    "thick": "3px",
    "thin": "1px",
    "xthick": "4px",
  },
  "boxShadow": Object {
    "medium": "0px 1px 4px -1px rgba(5, 25, 45, 0.3)",
    "thick": "0px 3px 5px -1px rgba(5, 25, 45, 0.3)",
    "thin": "0px 0px 2px 0px rgba(5, 25, 45, 0.3)",
    "xthick": "0px 8px 12px -4px rgba(5, 25, 45, 0.3)",
  },
  "breakpoints": Object {
    "large": "1480px",
    "medium": "820px",
    "small": "480px",
  },
  "colors": Object {
    "beige": "#EFEBE4",
    "beigeLight": "#F7F3EB",
    "beigeMedium": "#E5E1DA",
    "beigeSubtle": "#FFFBF3",
    "blue": "#06BDFC",
    "blueDark": "#009BD8",
    "blueDarkText": "#0065D1",
    "blueLight": "#60E7FF",
    "brandFacebook": "#1778F2",
    "brandGoogle": "#DB4437",
    "brandLinkedIn": "#0A66C2",
    "brandTwitter": "#00ACEE",
    "green": "#03EF62",
    "greenDark": "#00C74E",
    "greenDarkText": "#008031",
    "greenLight": "#65FF8F",
    "grey": "#E8E8EE",
    "greyDark": "#848492",
    "greyLight": "#EFEFF5",
    "greyMedium": "#E1E1E8",
    "greySubtle": "#F7F7FC",
    "navy": "#05192D",
    "navyDark": "#000820",
    "navyLight": "#213147",
    "navySubtleTextOnDark": "#9BA3AB",
    "navySubtleTextOnLight": "#5D6A77",
    "orange": "#FF931E",
    "orangeDark": "#D87300",
    "orangeDarkText": "#B75900",
    "orangeLight": "#FFBC4B",
    "pink": "#FF6EA9",
    "pinkDark": "#DC4D8B",
    "pinkDarkText": "#BF3072",
    "pinkLight": "#FF95CF",
    "purple": "#7933FF",
    "purpleDark": "#5646A5",
    "purpleDarkText": "#5646A5",
    "purpleLight": "#974DFF",
    "red": "#FF5400",
    "redDark": "#DD3400",
    "redDarkText": "#C01100",
    "redLight": "#FF782D",
    "white": "#FFFFFF",
    "yellow": "#FCCE0D",
    "yellowDark": "#CFA600",
    "yellowDarkText": "#907000",
    "yellowLight": "#FFEC3C",
  },
  "fontFamilies": Object {
    "mono": "JetBrainsMonoNL, Menlo, Monaco, 'Courier New', monospace",
    "sansSerif": "Studio-Feixen-Sans, Arial, sans-serif",
  },
  "fontSizes": Object {
    "huge": "28px",
    "large": "16px",
    "medium": "14px",
    "small": "12px",
    "xlarge": "18px",
    "xsmall": "10px",
    "xxlarge": "20px",
  },
  "fontWeights": Object {
    "bold": 800,
    "regular": 400,
  },
  "letterSpacing": Object {
    "default": "0px",
    "relaxed": "1.5px",
    "tight": "-0.5px",
  },
  "lineHeights": Object {
    "default": 1.25,
    "relaxed": 1.5,
    "tight": 1,
  },
  "opacity": Object {
    "high": 0.6,
    "low": 0.1,
    "medium": 0.4,
  },
  "sizing": Object {
    "large": "48px",
    "medium": "36px",
    "small": "28px",
  },
  "spacing": Object {
    "large": "24px",
    "medium": "16px",
    "small": "8px",
    "xlarge": "32px",
    "xsmall": "4px",
    "xxlarge": "64px",
  },
  "zIndex": Object {
    "default": 1,
    "dropdown": 7000,
    "modal": 9000,
    "overlay": 8000,
    "popup": 5000,
    "sticky": 100,
    "toast": 10000,
  },
}
`;
