// Jest Snapshot v1, https://goo.gl/fbAQLP

exports[`Asset exports every asset 1`] = `
Object {
  "ApplyAlpa": [Function],
  "ApplyColoredAlpaLoop": [Function],
  "AssessAlpa": [Function],
  "AssessColoredAlpaLoop": [Function],
  "AssessmentAssignment": [Function],
  "AvatarPlaceholderColored": [Function],
  "BarChart3d": [Function],
  "BnpParibasLogo": [Function],
  "Bookmark3d": [Function],
  "Branch3d": [Function],
  "Calendar3d": [Function],
  "Certification3d": [Function],
  "ChapterAssignment": [Function],
  "Checkmark3d": [Function],
  "Code3d": [Function],
  "ColgatePalmoliveLogo": [Function],
  "CourseAssignment": [Function],
  "CreditSuisseLogo": [Function],
  "CustomTrackAssignment": [Function],
  "Database3d": [Function],
  "DeloitteLogo": [Function],
  "Direction3d": [Function],
  "DockerLogo": [Function],
  "DockerLogomark": [Function],
  "DoubleArrow3d": [Function],
  "EarnXpAssignment": [Function],
  "EbayLogo": [Function],
  "Edit3d": [Function],
  "Education3d": [Function],
  "Email3d": [Function],
  "ExcelLogo": [Function],
  "ExcelLogomark": [Function],
  "Finance3d": [Function],
  "FourArrows3d": [Function],
  "GitLogo": [Function],
  "GitLogomark": [Function],
  "Globe3d": [Function],
  "GoogleLogo": [Function],
  "HsbcLogo": [Function],
  "Import3d": [Function],
  "JuliaLogo": [Function],
  "JuliaLogomark": [Function],
  "Laptop3d": [Function],
  "LearnAlpa": [Function],
  "LearnColoredAlpaLoop": [Function],
  "Love3d": [Function],
  "MagnifyingGlass3d": [Function],
  "MailboxEmpty3d": [Function],
  "MercedesBenzLogo": [Function],
  "MicrosoftLogo": [Function],
  "Mobile3d": [Function],
  "OracleLogo": [Function],
  "Paper3d": [Function],
  "Path3d": [Function],
  "PayPalLogo": [Function],
  "People3d": [Function],
  "PowerBiLogo": [Function],
  "PowerBiLogomark": [Function],
  "PracticeAlpa": [Function],
  "PracticeColoredAlpaLoop": [Function],
  "ProjectAssignment": [Function],
  "PythonLogo": [Function],
  "PythonLogomark": [Function],
  "RLogo": [Function],
  "RLogomark": [Function],
  "RegularColoredAlpaLoop": [Function],
  "Rocket3d": [Function],
  "ScalaLogo": [Function],
  "ScalaLogomark": [Function],
  "Share3d": [Function],
  "ShellLogo": [Function],
  "ShellLogomark": [Function],
  "SparkLogo": [Function],
  "SpreadsheetLogomark": [Function],
  "SpreadsheetsLogo": [Function],
  "SqlLogo": [Function],
  "SqlLogomark": [Function],
  "TMobileLogo": [Function],
  "TableauLogo": [Function],
  "TableauLogomark": [Function],
  "Target3d": [Function],
  "TargetArrow3d": [Function],
  "Team3d": [Function],
  "TheoryLogomark": [Function],
  "Timer3d": [Function],
  "TimerSleep3d": [Function],
  "Track3d": [Function],
  "TrackAssignment": [Function],
  "Trophy3d": [Function],
  "UberLogo": [Function],
  "WafflesColoredLogo": [Function],
  "WafflesColoredLogomark": [Function],
  "WafflesLogo": [Function],
  "WafflesLogomark": [Function],
}
`;
