// Jest Snapshot v1, https://goo.gl/fbAQLP

exports[`TextArea renders all supporting elements to make auto-grow work 1`] = `
.emotion-0 {
  display: grid;
}

.emotion-1 {
  position: relative;
  grid-area: 1/1/2/2;
}

.emotion-1::after {
  content: '';
  display: block;
  position: absolute;
  z-index: 1;
  top: 0;
  left: 0;
  right: 0;
  bottom: 0;
  margin: -2px;
  border-radius: 6px;
  pointer-events: none;
  -webkit-transition: box-shadow 125ms ease-out;
  transition: box-shadow 125ms ease-out;
}

.emotion-2 {
  display: block;
  width: 100%;
  height: 100%;
  resize: none;
  word-break: break-word;
  color: #05192D;
  background-color: #FFFFFF;
  font-family: Studio-Feixen-Sans,Arial,sans-serif;
  font-weight: 400;
  line-height: 1.5;
  border: 1px solid #848492;
  border-radius: 4px;
  outline: 0;
  min-height: 36px;
  font-size: 14px;
  color: #05192D;
  background-color: #FFFFFF;
  padding: 6px 12px;
}

.emotion-2:disabled {
  cursor: default;
  opacity: 0.6;
}

.emotion-2::-webkit-input-placeholder {
  opacity: 1;
  color: #5D6A77;
}

.emotion-2::-moz-placeholder {
  opacity: 1;
  color: #5D6A77;
}

.emotion-2:-ms-input-placeholder {
  opacity: 1;
  color: #5D6A77;
}

.emotion-2::placeholder {
  opacity: 1;
  color: #5D6A77;
}

.emotion-3 {
  display: block;
  width: 100%;
  height: 100%;
  resize: none;
  word-break: break-word;
  color: #05192D;
  background-color: #FFFFFF;
  font-family: Studio-Feixen-Sans,Arial,sans-serif;
  font-weight: 400;
  line-height: 1.5;
  border: 1px solid #848492;
  border-radius: 4px;
  outline: 0;
  font-size: 14px;
  padding: 6px 12px;
  grid-area: 1/1/2/2;
  visibility: hidden;
  white-space: pre-wrap;
  word-break: break-word;
}

.emotion-3:disabled {
  cursor: default;
  opacity: 0.6;
}

<div
  class="emotion-0"
>
  <div
    class="emotion-1"
  >
    <textarea
      aria-invalid="false"
      class="emotion-2"
    >
      Welcome
    </textarea>
  </div>
  <div
    aria-hidden="true"
    class="emotion-3"
  >
    Welcome 
  </div>
</div>
`;

exports[`TextArea renders snapshot 1`] = `
.emotion-0 {
  position: relative;
}

.emotion-0::after {
  content: '';
  display: block;
  position: absolute;
  z-index: 1;
  top: 0;
  left: 0;
  right: 0;
  bottom: 0;
  margin: -2px;
  border-radius: 6px;
  pointer-events: none;
  -webkit-transition: box-shadow 125ms ease-out;
  transition: box-shadow 125ms ease-out;
}

.emotion-1 {
  display: block;
  width: 100%;
  height: 100%;
  resize: none;
  word-break: break-word;
  color: #05192D;
  background-color: #FFFFFF;
  font-family: Studio-Feixen-Sans,Arial,sans-serif;
  font-weight: 400;
  line-height: 1.5;
  border: 1px solid #848492;
  border-radius: 4px;
  outline: 0;
  min-height: 36px;
  font-size: 14px;
  color: #05192D;
  background-color: #FFFFFF;
  padding: 6px 12px;
}

.emotion-1:disabled {
  cursor: default;
  opacity: 0.6;
}

.emotion-1::-webkit-input-placeholder {
  opacity: 1;
  color: #5D6A77;
}

.emotion-1::-moz-placeholder {
  opacity: 1;
  color: #5D6A77;
}

.emotion-1:-ms-input-placeholder {
  opacity: 1;
  color: #5D6A77;
}

.emotion-1::placeholder {
  opacity: 1;
  color: #5D6A77;
}

<div
  class="emotion-0"
>
  <textarea
    aria-invalid="false"
    class="emotion-1"
    placeholder="Leave a comment here"
  />
</div>
`;

exports[`TextArea renders snapshot of disabled 1`] = `
.emotion-0 {
  position: relative;
}

.emotion-0::after {
  content: '';
  display: block;
  position: absolute;
  z-index: 1;
  top: 0;
  left: 0;
  right: 0;
  bottom: 0;
  margin: -2px;
  border-radius: 6px;
  pointer-events: none;
  -webkit-transition: box-shadow 125ms ease-out;
  transition: box-shadow 125ms ease-out;
}

.emotion-1 {
  display: block;
  width: 100%;
  height: 100%;
  resize: none;
  word-break: break-word;
  color: #05192D;
  background-color: #FFFFFF;
  font-family: Studio-Feixen-Sans,Arial,sans-serif;
  font-weight: 400;
  line-height: 1.5;
  border: 1px solid #848492;
  border-radius: 4px;
  outline: 0;
  min-height: 36px;
  font-size: 14px;
  color: #05192D;
  background-color: #FFFFFF;
  padding: 6px 12px;
}

.emotion-1:disabled {
  cursor: default;
  opacity: 0.6;
}

.emotion-1::-webkit-input-placeholder {
  opacity: 1;
  color: #5D6A77;
}

.emotion-1::-moz-placeholder {
  opacity: 1;
  color: #5D6A77;
}

.emotion-1:-ms-input-placeholder {
  opacity: 1;
  color: #5D6A77;
}

.emotion-1::placeholder {
  opacity: 1;
  color: #5D6A77;
}

<div
  class="emotion-0"
>
  <textarea
    aria-invalid="false"
    class="emotion-1"
    disabled=""
  />
</div>
`;

exports[`TextArea renders snapshot of inverted 1`] = `
.emotion-0 {
  position: relative;
}

.emotion-0::after {
  content: '';
  display: block;
  position: absolute;
  z-index: 1;
  top: 0;
  left: 0;
  right: 0;
  bottom: 0;
  margin: -2px;
  border-radius: 6px;
  pointer-events: none;
  -webkit-transition: box-shadow 125ms ease-out;
  transition: box-shadow 125ms ease-out;
}

.emotion-1 {
  display: block;
  width: 100%;
  height: 100%;
  resize: none;
  word-break: break-word;
  color: #05192D;
  background-color: #FFFFFF;
  font-family: Studio-Feixen-Sans,Arial,sans-serif;
  font-weight: 400;
  line-height: 1.5;
  border: 1px solid #848492;
  border-radius: 4px;
  outline: 0;
  min-height: 36px;
  font-size: 14px;
  color: #FFFFFF;
  background-color: #213147;
  padding: 6px 12px;
}

.emotion-1:disabled {
  cursor: default;
  opacity: 0.6;
}

.emotion-1::-webkit-input-placeholder {
  opacity: 1;
  color: #9BA3AB;
}

.emotion-1::-moz-placeholder {
  opacity: 1;
  color: #9BA3AB;
}

.emotion-1:-ms-input-placeholder {
  opacity: 1;
  color: #9BA3AB;
}

.emotion-1::placeholder {
  opacity: 1;
  color: #9BA3AB;
}

<div
  class="emotion-0"
>
  <textarea
    aria-invalid="false"
    class="emotion-1"
  />
</div>
`;

exports[`TextArea renders snapshot of required with error 1`] = `
.emotion-0 {
  position: relative;
}

.emotion-0::after {
  content: '';
  display: block;
  position: absolute;
  z-index: 1;
  top: 0;
  left: 0;
  right: 0;
  bottom: 0;
  margin: -2px;
  border-radius: 6px;
  pointer-events: none;
  -webkit-transition: box-shadow 125ms ease-out;
  transition: box-shadow 125ms ease-out;
}

.emotion-1 {
  display: block;
  width: 100%;
  height: 100%;
  resize: none;
  word-break: break-word;
  color: #05192D;
  background-color: #FFFFFF;
  font-family: Studio-Feixen-Sans,Arial,sans-serif;
  font-weight: 400;
  line-height: 1.5;
  border: 1px solid #848492;
  border-radius: 4px;
  outline: 0;
  min-height: 36px;
  font-size: 14px;
  color: #05192D;
  background-color: #FFFFFF;
  padding: 6px 12px;
  border-color: #DD3400;
  box-shadow: 0 0 0 1px #DD3400;
}

.emotion-1:disabled {
  cursor: default;
  opacity: 0.6;
}

.emotion-1::-webkit-input-placeholder {
  opacity: 1;
  color: #5D6A77;
}

.emotion-1::-moz-placeholder {
  opacity: 1;
  color: #5D6A77;
}

.emotion-1:-ms-input-placeholder {
  opacity: 1;
  color: #5D6A77;
}

.emotion-1::placeholder {
  opacity: 1;
  color: #5D6A77;
}

<div
  class="emotion-0"
>
  <textarea
    aria-invalid="true"
    class="emotion-1"
  />
</div>
`;

exports[`TextArea renders snapshot when character count is displayed 1`] = `
.emotion-0 {
  position: relative;
}

.emotion-0::after {
  content: '';
  display: block;
  position: absolute;
  z-index: 1;
  top: 0;
  left: 0;
  right: 0;
  bottom: 0;
  margin: -2px;
  border-radius: 6px;
  pointer-events: none;
  -webkit-transition: box-shadow 125ms ease-out;
  transition: box-shadow 125ms ease-out;
}

.emotion-1 {
  display: block;
  width: 100%;
  height: 100%;
  resize: none;
  word-break: break-word;
  color: #05192D;
  background-color: #FFFFFF;
  font-family: Studio-Feixen-Sans,Arial,sans-serif;
  font-weight: 400;
  line-height: 1.5;
  border: 1px solid #848492;
  border-radius: 4px;
  outline: 0;
  min-height: 36px;
  font-size: 14px;
  color: #05192D;
  background-color: #FFFFFF;
  padding: 6px 12px;
}

.emotion-1:disabled {
  cursor: default;
  opacity: 0.6;
}

.emotion-1::-webkit-input-placeholder {
  opacity: 1;
  color: #5D6A77;
}

.emotion-1::-moz-placeholder {
  opacity: 1;
  color: #5D6A77;
}

.emotion-1:-ms-input-placeholder {
  opacity: 1;
  color: #5D6A77;
}

.emotion-1::placeholder {
  opacity: 1;
  color: #5D6A77;
}

.emotion-2 {
  color: #05192D;
  font-family: Studio-Feixen-Sans,Arial,sans-serif;
  font-size: 14px;
  font-weight: 400;
  line-height: 1;
  margin: 0;
  padding: 0;
  display: -webkit-box;
  display: -webkit-flex;
  display: -ms-flexbox;
  display: flex;
  -webkit-align-items: center;
  -webkit-box-align: center;
  -ms-flex-align: center;
  align-items: center;
  position: absolute;
  z-index: 1;
  bottom: 8px;
  right: 12px;
  color: #5D6A77;
  font-size: 12px;
  line-height: 1.25;
  pointer-events: none;
}

<div
  class="emotion-0"
>
  <textarea
    aria-describedby="character-count-123abC"
    aria-invalid="false"
    class="emotion-1"
    maxlength="255"
  >
    Welcome
  </textarea>
  <p
    aria-label="7 of 255 characters used"
    class="emotion-2"
    id="character-count-123abC"
  >
    7 / 255
  </p>
</div>
`;

exports[`renders snapshot of size large 1`] = `
.emotion-0 {
  position: relative;
}

.emotion-0::after {
  content: '';
  display: block;
  position: absolute;
  z-index: 1;
  top: 0;
  left: 0;
  right: 0;
  bottom: 0;
  margin: -2px;
  border-radius: 6px;
  pointer-events: none;
  -webkit-transition: box-shadow 125ms ease-out;
  transition: box-shadow 125ms ease-out;
}

.emotion-1 {
  display: block;
  width: 100%;
  height: 100%;
  resize: none;
  word-break: break-word;
  color: #05192D;
  background-color: #FFFFFF;
  font-family: Studio-Feixen-Sans,Arial,sans-serif;
  font-weight: 400;
  line-height: 1.5;
  border: 1px solid #848492;
  border-radius: 4px;
  outline: 0;
  min-height: 48px;
  font-size: 14px;
  color: #05192D;
  background-color: #FFFFFF;
  padding: 12px 16px;
}

.emotion-1:disabled {
  cursor: default;
  opacity: 0.6;
}

.emotion-1::-webkit-input-placeholder {
  opacity: 1;
  color: #5D6A77;
}

.emotion-1::-moz-placeholder {
  opacity: 1;
  color: #5D6A77;
}

.emotion-1:-ms-input-placeholder {
  opacity: 1;
  color: #5D6A77;
}

.emotion-1::placeholder {
  opacity: 1;
  color: #5D6A77;
}

<div
  class="emotion-0"
>
  <textarea
    aria-invalid="false"
    class="emotion-1"
  />
</div>
`;

exports[`renders snapshot of size medium 1`] = `
.emotion-0 {
  position: relative;
}

.emotion-0::after {
  content: '';
  display: block;
  position: absolute;
  z-index: 1;
  top: 0;
  left: 0;
  right: 0;
  bottom: 0;
  margin: -2px;
  border-radius: 6px;
  pointer-events: none;
  -webkit-transition: box-shadow 125ms ease-out;
  transition: box-shadow 125ms ease-out;
}

.emotion-1 {
  display: block;
  width: 100%;
  height: 100%;
  resize: none;
  word-break: break-word;
  color: #05192D;
  background-color: #FFFFFF;
  font-family: Studio-Feixen-Sans,Arial,sans-serif;
  font-weight: 400;
  line-height: 1.5;
  border: 1px solid #848492;
  border-radius: 4px;
  outline: 0;
  min-height: 36px;
  font-size: 14px;
  color: #05192D;
  background-color: #FFFFFF;
  padding: 6px 12px;
}

.emotion-1:disabled {
  cursor: default;
  opacity: 0.6;
}

.emotion-1::-webkit-input-placeholder {
  opacity: 1;
  color: #5D6A77;
}

.emotion-1::-moz-placeholder {
  opacity: 1;
  color: #5D6A77;
}

.emotion-1:-ms-input-placeholder {
  opacity: 1;
  color: #5D6A77;
}

.emotion-1::placeholder {
  opacity: 1;
  color: #5D6A77;
}

<div
  class="emotion-0"
>
  <textarea
    aria-invalid="false"
    class="emotion-1"
  />
</div>
`;

exports[`renders snapshot of size small 1`] = `
.emotion-0 {
  position: relative;
}

.emotion-0::after {
  content: '';
  display: block;
  position: absolute;
  z-index: 1;
  top: 0;
  left: 0;
  right: 0;
  bottom: 0;
  margin: -2px;
  border-radius: 6px;
  pointer-events: none;
  -webkit-transition: box-shadow 125ms ease-out;
  transition: box-shadow 125ms ease-out;
}

.emotion-1 {
  display: block;
  width: 100%;
  height: 100%;
  resize: none;
  word-break: break-word;
  color: #05192D;
  background-color: #FFFFFF;
  font-family: Studio-Feixen-Sans,Arial,sans-serif;
  font-weight: 400;
  line-height: 1.5;
  border: 1px solid #848492;
  border-radius: 4px;
  outline: 0;
  min-height: 28px;
  font-size: 12px;
  color: #05192D;
  background-color: #FFFFFF;
  padding: 4px 12px;
}

.emotion-1:disabled {
  cursor: default;
  opacity: 0.6;
}

.emotion-1::-webkit-input-placeholder {
  opacity: 1;
  color: #5D6A77;
}

.emotion-1::-moz-placeholder {
  opacity: 1;
  color: #5D6A77;
}

.emotion-1:-ms-input-placeholder {
  opacity: 1;
  color: #5D6A77;
}

.emotion-1::placeholder {
  opacity: 1;
  color: #5D6A77;
}

<div
  class="emotion-0"
>
  <textarea
    aria-invalid="false"
    class="emotion-1"
  />
</div>
`;
