// Jest Snapshot v1, https://goo.gl/fbAQLP

exports[`Dialog renders snapshot 1`] = `
.emotion-0 {
  display: -webkit-box;
  display: -webkit-flex;
  display: -ms-flexbox;
  display: flex;
  border-radius: 4px;
  padding: 24px;
  gap: 16px;
  height: 100%;
  width: 100%;
  border: 1px dashed rgba(5, 25, 45, 0.1);
  color: #05192D;
  -webkit-flex-direction: column;
  -ms-flex-direction: column;
  flex-direction: column;
  text-align: left;
  -webkit-align-items: flex-start;
  -webkit-box-align: flex-start;
  -ms-flex-align: flex-start;
  align-items: flex-start;
}

.emotion-0 ul {
  -webkit-align-items: flex-start;
  -webkit-box-align: flex-start;
  -ms-flex-align: flex-start;
  align-items: flex-start;
}

.emotion-1 {
  -webkit-flex-shrink: 0;
  -ms-flex-negative: 0;
  flex-shrink: 0;
  width: 72px;
  height: 72px;
}

.emotion-2 {
  max-width: 650px;
}

.emotion-3 {
  color: #05192D;
  font-family: Studio-Feixen-Sans,Arial,sans-serif;
  font-size: 14px;
  font-weight: 400;
  line-height: 1;
  margin: 0;
  padding: 0;
  color: #05192D;
  font-weight: 800;
  font-size: 18px;
  margin-bottom: 8px;
  line-height: 1.25;
  line-height: 1.5;
  margin: 0;
  padding-bottom: 8px;
}

.emotion-4 {
  color: #05192D;
  font-family: Studio-Feixen-Sans,Arial,sans-serif;
  font-size: 14px;
  font-weight: 400;
  line-height: 1;
  margin: 0;
  padding: 0;
  line-height: 1.5;
  margin-bottom: 8px;
  color: #05192D;
  font-size: 14px;
}

.emotion-5 {
  display: -webkit-box;
  display: -webkit-flex;
  display: -ms-flexbox;
  display: flex;
  -webkit-flex-direction: column;
  -ms-flex-direction: column;
  flex-direction: column;
  margin: 0;
  padding: 16px 0 24px;
  gap: 8px;
}

.emotion-6 {
  color: #05192D;
  font-family: Studio-Feixen-Sans,Arial,sans-serif;
  font-size: 14px;
  font-weight: 400;
  line-height: 1;
  margin: 0;
  padding: 0;
  display: -webkit-box;
  display: -webkit-flex;
  display: -ms-flexbox;
  display: flex;
  list-style: none;
  margin-left: 0;
  -webkit-align-items: center;
  -webkit-box-align: center;
  -ms-flex-align: center;
  align-items: center;
  -webkit-box-pack: start;
  -ms-flex-pack: start;
  -webkit-justify-content: flex-start;
  justify-content: flex-start;
  gap: 16px;
  color: inherit;
  line-height: 1.25;
}

.emotion-6 svg {
  -webkit-flex-shrink: 0;
  -ms-flex-negative: 0;
  flex-shrink: 0;
}

.emotion-9 {
  position: relative;
  display: -webkit-inline-box;
  display: -webkit-inline-flex;
  display: -ms-inline-flexbox;
  display: inline-flex;
  -webkit-align-items: center;
  -webkit-box-align: center;
  -ms-flex-align: center;
  align-items: center;
  -webkit-box-pack: center;
  -ms-flex-pack: center;
  -webkit-justify-content: center;
  justify-content: center;
  -webkit-flex-shrink: 0;
  -ms-flex-negative: 0;
  flex-shrink: 0;
  vertical-align: middle;
  -webkit-text-decoration: none;
  text-decoration: none;
  font-family: Studio-Feixen-Sans,Arial,sans-serif;
  font-weight: 800;
  line-height: 1;
  margin: 0;
  padding: 0;
  outline: 0;
  border-style: solid;
  border-radius: 4px;
  border-width: 2px;
  -webkit-user-select: none;
  -moz-user-select: none;
  -ms-user-select: none;
  user-select: none;
  -webkit-transition: background-color 125ms ease-out;
  transition: background-color 125ms ease-out;
  cursor: pointer;
  height: 36px;
  min-width: 36px;
  width: auto;
  padding-left: 16px;
  padding-right: 16px;
  -webkit-flex-direction: column;
  -ms-flex-direction: column;
  flex-direction: column;
  font-size: 14px;
  color: #05192D;
  background-color: #03EF62;
  border-color: transparent;
}

.emotion-9::after {
  content: '';
  display: block;
  position: absolute;
  z-index: 1;
  top: 0;
  left: 0;
  right: 0;
  bottom: 0;
  margin: -4px;
  border-radius: 6px;
  pointer-events: none;
  -webkit-transition: box-shadow 125ms ease-out;
  transition: box-shadow 125ms ease-out;
}

.emotion-9:hover:not(:disabled) {
  background-color: #00D649;
}

.emotion-9:active:not(:disabled) {
  background-color: #03EF62;
}

.emotion-9:disabled {
  opacity: 0.6;
  cursor: default;
}

.emotion-10 {
  display: -webkit-box;
  display: -webkit-flex;
  display: -ms-flexbox;
  display: flex;
  gap: 8px;
  -webkit-align-items: center;
  -webkit-box-align: center;
  -ms-flex-align: center;
  align-items: center;
}

<div>
  <div
    class="emotion-0"
  >
    <div
      class="emotion-1"
    >
      Rocket3d
    </div>
    <div
      class="emotion-2"
    >
      <h2
        class="emotion-3"
      >
         Title Heading
      </h2>
      <p
        class="emotion-4"
      >
        Lorem ipsum dolor sit amet.
      </p>
      <ul
        class="emotion-5"
      >
        <li
          class="emotion-6"
        >
          Group
          Auctor eu augue
        </li>
        <li
          class="emotion-6"
        >
          Branch
          Tristique senectus et netus
        </li>
        <li
          class="emotion-6"
        >
          Matrix
          Mus mauris vitae ultricies
        </li>
      </ul>
      <button
        class="emotion-9"
        type="button"
      >
        <span
          class="emotion-10"
        >
           Button
        </span>
      </button>
    </div>
  </div>
</div>
`;

exports[`Dialog renders snapshot in inverted 1`] = `
.emotion-0 {
  display: -webkit-box;
  display: -webkit-flex;
  display: -ms-flexbox;
  display: flex;
  border-radius: 4px;
  padding: 24px;
  gap: 16px;
  height: 100%;
  width: 100%;
  border: 1px dashed rgba(255, 255, 255, 0.1);
  color: #FFFFFF;
  -webkit-flex-direction: column;
  -ms-flex-direction: column;
  flex-direction: column;
  text-align: left;
  -webkit-align-items: flex-start;
  -webkit-box-align: flex-start;
  -ms-flex-align: flex-start;
  align-items: flex-start;
}

.emotion-0 ul {
  -webkit-align-items: flex-start;
  -webkit-box-align: flex-start;
  -ms-flex-align: flex-start;
  align-items: flex-start;
}

.emotion-1 {
  -webkit-flex-shrink: 0;
  -ms-flex-negative: 0;
  flex-shrink: 0;
  width: 72px;
  height: 72px;
}

.emotion-2 {
  max-width: 650px;
}

.emotion-3 {
  color: #05192D;
  font-family: Studio-Feixen-Sans,Arial,sans-serif;
  font-size: 14px;
  font-weight: 400;
  line-height: 1;
  margin: 0;
  padding: 0;
  color: #FFFFFF;
  font-weight: 800;
  font-size: 18px;
  margin-bottom: 8px;
  line-height: 1.25;
  line-height: 1.5;
  margin: 0;
  padding-bottom: 8px;
}

.emotion-4 {
  color: #05192D;
  font-family: Studio-Feixen-Sans,Arial,sans-serif;
  font-size: 14px;
  font-weight: 400;
  line-height: 1;
  margin: 0;
  padding: 0;
  line-height: 1.5;
  margin-bottom: 8px;
  color: #FFFFFF;
  font-size: 14px;
}

.emotion-5 {
  display: -webkit-box;
  display: -webkit-flex;
  display: -ms-flexbox;
  display: flex;
  -webkit-flex-direction: column;
  -ms-flex-direction: column;
  flex-direction: column;
  margin: 0;
  padding: 16px 0 24px;
  gap: 8px;
}

.emotion-6 {
  color: #05192D;
  font-family: Studio-Feixen-Sans,Arial,sans-serif;
  font-size: 14px;
  font-weight: 400;
  line-height: 1;
  margin: 0;
  padding: 0;
  display: -webkit-box;
  display: -webkit-flex;
  display: -ms-flexbox;
  display: flex;
  list-style: none;
  margin-left: 0;
  -webkit-align-items: center;
  -webkit-box-align: center;
  -ms-flex-align: center;
  align-items: center;
  -webkit-box-pack: start;
  -ms-flex-pack: start;
  -webkit-justify-content: flex-start;
  justify-content: flex-start;
  gap: 16px;
  color: inherit;
  line-height: 1.25;
}

.emotion-6 svg {
  -webkit-flex-shrink: 0;
  -ms-flex-negative: 0;
  flex-shrink: 0;
}

.emotion-9 {
  position: relative;
  display: -webkit-inline-box;
  display: -webkit-inline-flex;
  display: -ms-inline-flexbox;
  display: inline-flex;
  -webkit-align-items: center;
  -webkit-box-align: center;
  -ms-flex-align: center;
  align-items: center;
  -webkit-box-pack: center;
  -ms-flex-pack: center;
  -webkit-justify-content: center;
  justify-content: center;
  -webkit-flex-shrink: 0;
  -ms-flex-negative: 0;
  flex-shrink: 0;
  vertical-align: middle;
  -webkit-text-decoration: none;
  text-decoration: none;
  font-family: Studio-Feixen-Sans,Arial,sans-serif;
  font-weight: 800;
  line-height: 1;
  margin: 0;
  padding: 0;
  outline: 0;
  border-style: solid;
  border-radius: 4px;
  border-width: 2px;
  -webkit-user-select: none;
  -moz-user-select: none;
  -ms-user-select: none;
  user-select: none;
  -webkit-transition: background-color 125ms ease-out;
  transition: background-color 125ms ease-out;
  cursor: pointer;
  height: 36px;
  min-width: 36px;
  width: auto;
  padding-left: 16px;
  padding-right: 16px;
  -webkit-flex-direction: column;
  -ms-flex-direction: column;
  flex-direction: column;
  font-size: 14px;
  color: #05192D;
  background-color: #03EF62;
  border-color: transparent;
}

.emotion-9::after {
  content: '';
  display: block;
  position: absolute;
  z-index: 1;
  top: 0;
  left: 0;
  right: 0;
  bottom: 0;
  margin: -4px;
  border-radius: 6px;
  pointer-events: none;
  -webkit-transition: box-shadow 125ms ease-out;
  transition: box-shadow 125ms ease-out;
}

.emotion-9:hover:not(:disabled) {
  background-color: #00D649;
}

.emotion-9:active:not(:disabled) {
  background-color: #03EF62;
}

.emotion-9:disabled {
  opacity: 0.6;
  cursor: default;
}

.emotion-10 {
  display: -webkit-box;
  display: -webkit-flex;
  display: -ms-flexbox;
  display: flex;
  gap: 8px;
  -webkit-align-items: center;
  -webkit-box-align: center;
  -ms-flex-align: center;
  align-items: center;
}

<div>
  <div
    class="emotion-0"
  >
    <div
      class="emotion-1"
    >
      Rocket3d
    </div>
    <div
      class="emotion-2"
    >
      <h2
        class="emotion-3"
      >
         Title Heading
      </h2>
      <p
        class="emotion-4"
      >
        Lorem ipsum dolor sit amet.
      </p>
      <ul
        class="emotion-5"
      >
        <li
          class="emotion-6"
        >
          Group
          Auctor eu augue
        </li>
        <li
          class="emotion-6"
        >
          Branch
          Tristique senectus et netus
        </li>
        <li
          class="emotion-6"
        >
          Matrix
          Mus mauris vitae ultricies
        </li>
      </ul>
      <button
        class="emotion-9"
        type="button"
      >
        <span
          class="emotion-10"
        >
           Button
        </span>
      </button>
    </div>
  </div>
</div>
`;

exports[`Dialog renders snapshot in vertical orientation 1`] = `
.emotion-0 {
  display: -webkit-box;
  display: -webkit-flex;
  display: -ms-flexbox;
  display: flex;
  border-radius: 4px;
  padding: 24px;
  gap: 16px;
  height: 100%;
  width: 100%;
  border: 1px dashed rgba(5, 25, 45, 0.1);
  color: #05192D;
  -webkit-flex-direction: column;
  -ms-flex-direction: column;
  flex-direction: column;
  text-align: left;
  -webkit-align-items: flex-start;
  -webkit-box-align: flex-start;
  -ms-flex-align: flex-start;
  align-items: flex-start;
}

.emotion-0 ul {
  -webkit-align-items: flex-start;
  -webkit-box-align: flex-start;
  -ms-flex-align: flex-start;
  align-items: flex-start;
}

.emotion-1 {
  -webkit-flex-shrink: 0;
  -ms-flex-negative: 0;
  flex-shrink: 0;
  width: 72px;
  height: 72px;
}

.emotion-2 {
  max-width: 650px;
}

.emotion-3 {
  color: #05192D;
  font-family: Studio-Feixen-Sans,Arial,sans-serif;
  font-size: 14px;
  font-weight: 400;
  line-height: 1;
  margin: 0;
  padding: 0;
  color: #05192D;
  font-weight: 800;
  font-size: 18px;
  margin-bottom: 8px;
  line-height: 1.25;
  line-height: 1.5;
  margin: 0;
  padding-bottom: 8px;
}

.emotion-4 {
  color: #05192D;
  font-family: Studio-Feixen-Sans,Arial,sans-serif;
  font-size: 14px;
  font-weight: 400;
  line-height: 1;
  margin: 0;
  padding: 0;
  line-height: 1.5;
  margin-bottom: 8px;
  color: #05192D;
  font-size: 14px;
}

.emotion-5 {
  display: -webkit-box;
  display: -webkit-flex;
  display: -ms-flexbox;
  display: flex;
  -webkit-flex-direction: column;
  -ms-flex-direction: column;
  flex-direction: column;
  margin: 0;
  padding: 16px 0 24px;
  gap: 8px;
}

.emotion-6 {
  color: #05192D;
  font-family: Studio-Feixen-Sans,Arial,sans-serif;
  font-size: 14px;
  font-weight: 400;
  line-height: 1;
  margin: 0;
  padding: 0;
  display: -webkit-box;
  display: -webkit-flex;
  display: -ms-flexbox;
  display: flex;
  list-style: none;
  margin-left: 0;
  -webkit-align-items: center;
  -webkit-box-align: center;
  -ms-flex-align: center;
  align-items: center;
  -webkit-box-pack: start;
  -ms-flex-pack: start;
  -webkit-justify-content: flex-start;
  justify-content: flex-start;
  gap: 16px;
  color: inherit;
  line-height: 1.25;
}

.emotion-6 svg {
  -webkit-flex-shrink: 0;
  -ms-flex-negative: 0;
  flex-shrink: 0;
}

.emotion-9 {
  position: relative;
  display: -webkit-inline-box;
  display: -webkit-inline-flex;
  display: -ms-inline-flexbox;
  display: inline-flex;
  -webkit-align-items: center;
  -webkit-box-align: center;
  -ms-flex-align: center;
  align-items: center;
  -webkit-box-pack: center;
  -ms-flex-pack: center;
  -webkit-justify-content: center;
  justify-content: center;
  -webkit-flex-shrink: 0;
  -ms-flex-negative: 0;
  flex-shrink: 0;
  vertical-align: middle;
  -webkit-text-decoration: none;
  text-decoration: none;
  font-family: Studio-Feixen-Sans,Arial,sans-serif;
  font-weight: 800;
  line-height: 1;
  margin: 0;
  padding: 0;
  outline: 0;
  border-style: solid;
  border-radius: 4px;
  border-width: 2px;
  -webkit-user-select: none;
  -moz-user-select: none;
  -ms-user-select: none;
  user-select: none;
  -webkit-transition: background-color 125ms ease-out;
  transition: background-color 125ms ease-out;
  cursor: pointer;
  height: 36px;
  min-width: 36px;
  width: auto;
  padding-left: 16px;
  padding-right: 16px;
  -webkit-flex-direction: column;
  -ms-flex-direction: column;
  flex-direction: column;
  font-size: 14px;
  color: #05192D;
  background-color: #03EF62;
  border-color: transparent;
}

.emotion-9::after {
  content: '';
  display: block;
  position: absolute;
  z-index: 1;
  top: 0;
  left: 0;
  right: 0;
  bottom: 0;
  margin: -4px;
  border-radius: 6px;
  pointer-events: none;
  -webkit-transition: box-shadow 125ms ease-out;
  transition: box-shadow 125ms ease-out;
}

.emotion-9:hover:not(:disabled) {
  background-color: #00D649;
}

.emotion-9:active:not(:disabled) {
  background-color: #03EF62;
}

.emotion-9:disabled {
  opacity: 0.6;
  cursor: default;
}

.emotion-10 {
  display: -webkit-box;
  display: -webkit-flex;
  display: -ms-flexbox;
  display: flex;
  gap: 8px;
  -webkit-align-items: center;
  -webkit-box-align: center;
  -ms-flex-align: center;
  align-items: center;
}

<div>
  <div
    class="emotion-0"
  >
    <div
      class="emotion-1"
    >
      Rocket3d
    </div>
    <div
      class="emotion-2"
    >
      <h2
        class="emotion-3"
      >
         Title Heading
      </h2>
      <p
        class="emotion-4"
      >
        Lorem ipsum dolor sit amet.
      </p>
      <ul
        class="emotion-5"
      >
        <li
          class="emotion-6"
        >
          Group
          Auctor eu augue
        </li>
        <li
          class="emotion-6"
        >
          Branch
          Tristique senectus et netus
        </li>
        <li
          class="emotion-6"
        >
          Matrix
          Mus mauris vitae ultricies
        </li>
      </ul>
      <button
        class="emotion-9"
        type="button"
      >
        <span
          class="emotion-10"
        >
           Button
        </span>
      </button>
    </div>
  </div>
</div>
`;

exports[`Dialog renders snapshot in vertical orientation and inverted 1`] = `
.emotion-0 {
  display: -webkit-box;
  display: -webkit-flex;
  display: -ms-flexbox;
  display: flex;
  border-radius: 4px;
  padding: 24px;
  gap: 16px;
  height: 100%;
  width: 100%;
  border: 1px dashed rgba(255, 255, 255, 0.1);
  color: #FFFFFF;
  -webkit-flex-direction: column;
  -ms-flex-direction: column;
  flex-direction: column;
  text-align: left;
  -webkit-align-items: flex-start;
  -webkit-box-align: flex-start;
  -ms-flex-align: flex-start;
  align-items: flex-start;
}

.emotion-0 ul {
  -webkit-align-items: flex-start;
  -webkit-box-align: flex-start;
  -ms-flex-align: flex-start;
  align-items: flex-start;
}

.emotion-1 {
  -webkit-flex-shrink: 0;
  -ms-flex-negative: 0;
  flex-shrink: 0;
  width: 72px;
  height: 72px;
}

.emotion-2 {
  max-width: 650px;
}

.emotion-3 {
  color: #05192D;
  font-family: Studio-Feixen-Sans,Arial,sans-serif;
  font-size: 14px;
  font-weight: 400;
  line-height: 1;
  margin: 0;
  padding: 0;
  color: #FFFFFF;
  font-weight: 800;
  font-size: 18px;
  margin-bottom: 8px;
  line-height: 1.25;
  line-height: 1.5;
  margin: 0;
  padding-bottom: 8px;
}

.emotion-4 {
  color: #05192D;
  font-family: Studio-Feixen-Sans,Arial,sans-serif;
  font-size: 14px;
  font-weight: 400;
  line-height: 1;
  margin: 0;
  padding: 0;
  line-height: 1.5;
  margin-bottom: 8px;
  color: #FFFFFF;
  font-size: 14px;
}

.emotion-5 {
  display: -webkit-box;
  display: -webkit-flex;
  display: -ms-flexbox;
  display: flex;
  -webkit-flex-direction: column;
  -ms-flex-direction: column;
  flex-direction: column;
  margin: 0;
  padding: 16px 0 24px;
  gap: 8px;
}

.emotion-6 {
  color: #05192D;
  font-family: Studio-Feixen-Sans,Arial,sans-serif;
  font-size: 14px;
  font-weight: 400;
  line-height: 1;
  margin: 0;
  padding: 0;
  display: -webkit-box;
  display: -webkit-flex;
  display: -ms-flexbox;
  display: flex;
  list-style: none;
  margin-left: 0;
  -webkit-align-items: center;
  -webkit-box-align: center;
  -ms-flex-align: center;
  align-items: center;
  -webkit-box-pack: start;
  -ms-flex-pack: start;
  -webkit-justify-content: flex-start;
  justify-content: flex-start;
  gap: 16px;
  color: inherit;
  line-height: 1.25;
}

.emotion-6 svg {
  -webkit-flex-shrink: 0;
  -ms-flex-negative: 0;
  flex-shrink: 0;
}

.emotion-9 {
  position: relative;
  display: -webkit-inline-box;
  display: -webkit-inline-flex;
  display: -ms-inline-flexbox;
  display: inline-flex;
  -webkit-align-items: center;
  -webkit-box-align: center;
  -ms-flex-align: center;
  align-items: center;
  -webkit-box-pack: center;
  -ms-flex-pack: center;
  -webkit-justify-content: center;
  justify-content: center;
  -webkit-flex-shrink: 0;
  -ms-flex-negative: 0;
  flex-shrink: 0;
  vertical-align: middle;
  -webkit-text-decoration: none;
  text-decoration: none;
  font-family: Studio-Feixen-Sans,Arial,sans-serif;
  font-weight: 800;
  line-height: 1;
  margin: 0;
  padding: 0;
  outline: 0;
  border-style: solid;
  border-radius: 4px;
  border-width: 2px;
  -webkit-user-select: none;
  -moz-user-select: none;
  -ms-user-select: none;
  user-select: none;
  -webkit-transition: background-color 125ms ease-out;
  transition: background-color 125ms ease-out;
  cursor: pointer;
  height: 36px;
  min-width: 36px;
  width: auto;
  padding-left: 16px;
  padding-right: 16px;
  -webkit-flex-direction: column;
  -ms-flex-direction: column;
  flex-direction: column;
  font-size: 14px;
  color: #05192D;
  background-color: #03EF62;
  border-color: transparent;
}

.emotion-9::after {
  content: '';
  display: block;
  position: absolute;
  z-index: 1;
  top: 0;
  left: 0;
  right: 0;
  bottom: 0;
  margin: -4px;
  border-radius: 6px;
  pointer-events: none;
  -webkit-transition: box-shadow 125ms ease-out;
  transition: box-shadow 125ms ease-out;
}

.emotion-9:hover:not(:disabled) {
  background-color: #00D649;
}

.emotion-9:active:not(:disabled) {
  background-color: #03EF62;
}

.emotion-9:disabled {
  opacity: 0.6;
  cursor: default;
}

.emotion-10 {
  display: -webkit-box;
  display: -webkit-flex;
  display: -ms-flexbox;
  display: flex;
  gap: 8px;
  -webkit-align-items: center;
  -webkit-box-align: center;
  -ms-flex-align: center;
  align-items: center;
}

<div>
  <div
    class="emotion-0"
  >
    <div
      class="emotion-1"
    >
      Rocket3d
    </div>
    <div
      class="emotion-2"
    >
      <h2
        class="emotion-3"
      >
         Title Heading
      </h2>
      <p
        class="emotion-4"
      >
        Lorem ipsum dolor sit amet.
      </p>
      <ul
        class="emotion-5"
      >
        <li
          class="emotion-6"
        >
          Group
          Auctor eu augue
        </li>
        <li
          class="emotion-6"
        >
          Branch
          Tristique senectus et netus
        </li>
        <li
          class="emotion-6"
        >
          Matrix
          Mus mauris vitae ultricies
        </li>
      </ul>
      <button
        class="emotion-9"
        type="button"
      >
        <span
          class="emotion-10"
        >
           Button
        </span>
      </button>
    </div>
  </div>
</div>
`;
