// Jest Snapshot v1, https://goo.gl/fbAQLP

exports[`Menu renders snapshot with categories, active style, icons, alert dot, disabled, destructive, and custom offset of inverted menu 1`] = `
.emotion-0 {
  position: absolute;
  z-index: 7000;
  margin: 0;
  padding: 8px 0;
  outline: 0;
  list-style: none;
  border-radius: 4px;
  box-shadow: 0px 8px 12px -4px rgba(5, 25, 45, 0.3);
  width: 260px;
  top: 0px;
  left: 0px;
  background-color: #213147;
  border: 1px solid rgba(255, 255, 255, 0.15);
}

.emotion-1 {
  color: #05192D;
  font-family: Studio-Feixen-Sans,Arial,sans-serif;
  font-size: 14px;
  font-weight: 400;
  line-height: 1;
  margin: 0;
  padding: 0;
  color: #9BA3AB;
  font-size: 10px;
  font-weight: 800;
  line-height: 1.25;
  letter-spacing: 1.5px;
  text-transform: uppercase;
  -webkit-user-select: none;
  -moz-user-select: none;
  -ms-user-select: none;
  user-select: none;
  padding: 8px 16px;
  margin: 0;
}

.emotion-2 {
  position: relative;
  display: -webkit-box;
  display: -webkit-flex;
  display: -ms-flexbox;
  display: flex;
  -webkit-align-items: center;
  -webkit-box-align: center;
  -ms-flex-align: center;
  align-items: center;
  width: calc(100% - 16px);
  min-height: 36px;
  padding: 0 12px;
  margin-left: 8px;
  margin-right: 8px;
  -webkit-text-decoration: none;
  text-decoration: none;
  border: 0;
  border-radius: 4px;
  outline: 0;
  -webkit-transition: background-color 125ms ease-out;
  transition: background-color 125ms ease-out;
  cursor: pointer;
  color: #FFFFFF;
  background: transparent;
}

.emotion-2 svg {
  -webkit-flex-shrink: 0;
  -ms-flex-negative: 0;
  flex-shrink: 0;
}

.emotion-2:disabled {
  opacity: 0.6;
  cursor: default;
}

.emotion-2:hover:not(:disabled) {
  background-color: rgba(255, 255, 255, 0.1);
}

.emotion-3 {
  position: absolute;
  z-index: 1;
  top: 4px;
  left: 4px;
  width: 6px;
  height: 6px;
  background-color: #FF5400;
  border-radius: 50%;
}

.emotion-4 {
  display: -webkit-box;
  display: -webkit-flex;
  display: -ms-flexbox;
  display: flex;
  -webkit-flex-direction: column;
  -ms-flex-direction: column;
  flex-direction: column;
  -webkit-align-items: flex-start;
  -webkit-box-align: flex-start;
  -ms-flex-align: flex-start;
  align-items: flex-start;
  overflow: hidden;
  padding-top: 8px;
  padding-bottom: 8px;
  -webkit-box-flex: 1;
  -webkit-flex-grow: 1;
  -ms-flex-positive: 1;
  flex-grow: 1;
}

.emotion-5 {
  color: #05192D;
  font-family: Studio-Feixen-Sans,Arial,sans-serif;
  font-size: 14px;
  font-weight: 400;
  line-height: 1;
  margin: 0;
  padding: 0;
  display: block;
  text-align: left;
  color: inherit;
  font-weight: 400;
  line-height: 1.5;
  white-space: nowrap;
  overflow: hidden;
  text-overflow: ellipsis;
}

.emotion-6 {
  color: #05192D;
  font-family: Studio-Feixen-Sans,Arial,sans-serif;
  font-size: 14px;
  font-weight: 400;
  line-height: 1;
  margin: 0;
  padding: 0;
  display: block;
  text-align: left;
  color: #9BA3AB;
  font-size: 12px;
  line-height: 1.5;
  margin-top: 2px;
}

.emotion-8 {
  display: -webkit-box;
  display: -webkit-flex;
  display: -ms-flexbox;
  display: flex;
  -webkit-flex-direction: row;
  -ms-flex-direction: row;
  flex-direction: row;
  -webkit-align-items: center;
  -webkit-box-align: center;
  -ms-flex-align: center;
  align-items: center;
  overflow: hidden;
  padding-top: 8px;
  padding-bottom: 8px;
  -webkit-box-flex: 1;
  -webkit-flex-grow: 1;
  -ms-flex-positive: 1;
  flex-grow: 1;
  padding-left: 8px;
  padding-right: 8px;
}

.emotion-9 {
  color: #05192D;
  font-family: Studio-Feixen-Sans,Arial,sans-serif;
  font-size: 14px;
  font-weight: 400;
  line-height: 1;
  margin: 0;
  padding: 0;
  display: block;
  text-align: left;
  color: inherit;
  font-weight: 400;
  line-height: 1.25;
  white-space: nowrap;
  overflow: hidden;
  text-overflow: ellipsis;
}

.emotion-10 {
  position: relative;
  display: -webkit-box;
  display: -webkit-flex;
  display: -ms-flexbox;
  display: flex;
  -webkit-align-items: center;
  -webkit-box-align: center;
  -ms-flex-align: center;
  align-items: center;
  width: calc(100% - 16px);
  min-height: 36px;
  padding: 0 12px;
  margin-left: 8px;
  margin-right: 8px;
  -webkit-text-decoration: none;
  text-decoration: none;
  border: 0;
  border-radius: 4px;
  outline: 0;
  -webkit-transition: background-color 125ms ease-out;
  transition: background-color 125ms ease-out;
  cursor: pointer;
  color: #FFFFFF;
  background: rgba(255, 255, 255, 0.05);
}

.emotion-10 svg {
  -webkit-flex-shrink: 0;
  -ms-flex-negative: 0;
  flex-shrink: 0;
}

.emotion-10:disabled {
  opacity: 0.6;
  cursor: default;
}

.emotion-10:hover:not(:disabled) {
  background-color: rgba(255, 255, 255, 0.1);
}

.emotion-11 {
  display: -webkit-box;
  display: -webkit-flex;
  display: -ms-flexbox;
  display: flex;
  -webkit-flex-direction: row;
  -ms-flex-direction: row;
  flex-direction: row;
  -webkit-align-items: center;
  -webkit-box-align: center;
  -ms-flex-align: center;
  align-items: center;
  overflow: hidden;
  padding-top: 8px;
  padding-bottom: 8px;
  -webkit-box-flex: 1;
  -webkit-flex-grow: 1;
  -ms-flex-positive: 1;
  flex-grow: 1;
}

.emotion-12 {
  color: #05192D;
  font-family: Studio-Feixen-Sans,Arial,sans-serif;
  font-size: 14px;
  font-weight: 400;
  line-height: 1;
  margin: 0;
  padding: 0;
  display: block;
  text-align: left;
  color: inherit;
  font-weight: 800;
  line-height: 1.25;
  white-space: nowrap;
  overflow: hidden;
  text-overflow: ellipsis;
}

.emotion-16 {
  height: 1px;
  background-color: rgba(255, 255, 255, 0.15);
  margin-top: 8px;
  margin-bottom: 8px;
  margin-right: 8px;
  margin-left: 8px;
}

.emotion-17 {
  position: relative;
  display: -webkit-box;
  display: -webkit-flex;
  display: -ms-flexbox;
  display: flex;
  -webkit-align-items: center;
  -webkit-box-align: center;
  -ms-flex-align: center;
  align-items: center;
  width: calc(100% - 16px);
  min-height: 36px;
  padding: 0 12px;
  margin-left: 8px;
  margin-right: 8px;
  -webkit-text-decoration: none;
  text-decoration: none;
  border: 0;
  border-radius: 4px;
  outline: 0;
  -webkit-transition: background-color 125ms ease-out;
  transition: background-color 125ms ease-out;
  cursor: pointer;
  color: #FF782D;
  background: transparent;
}

.emotion-17 svg {
  -webkit-flex-shrink: 0;
  -ms-flex-negative: 0;
  flex-shrink: 0;
}

.emotion-17:disabled {
  opacity: 0.6;
  cursor: default;
}

.emotion-17:hover:not(:disabled) {
  background-color: rgba(255, 120, 45, 0.15);
}

.emotion-20 {
  position: relative;
  display: -webkit-inline-box;
  display: -webkit-inline-flex;
  display: -ms-inline-flexbox;
  display: inline-flex;
  -webkit-align-items: center;
  -webkit-box-align: center;
  -ms-flex-align: center;
  align-items: center;
  -webkit-box-pack: center;
  -ms-flex-pack: center;
  -webkit-justify-content: center;
  justify-content: center;
  -webkit-flex-shrink: 0;
  -ms-flex-negative: 0;
  flex-shrink: 0;
  vertical-align: middle;
  -webkit-text-decoration: none;
  text-decoration: none;
  font-family: Studio-Feixen-Sans,Arial,sans-serif;
  font-weight: 800;
  line-height: 1;
  margin: 0;
  padding: 0;
  outline: 0;
  border-style: solid;
  border-radius: 4px;
  border-width: 2px;
  -webkit-user-select: none;
  -moz-user-select: none;
  -ms-user-select: none;
  user-select: none;
  -webkit-transition: background-color 125ms ease-out;
  transition: background-color 125ms ease-out;
  cursor: pointer;
  height: 36px;
  min-width: 36px;
  width: auto;
  padding-left: 16px;
  padding-right: 16px;
  -webkit-flex-direction: column;
  -ms-flex-direction: column;
  flex-direction: column;
  font-size: 14px;
  color: #05192D;
  background-color: #03EF62;
  border-color: transparent;
  width: calc(100% - 16px);
  margin-left: 8px;
  margin-right: 8px;
}

.emotion-20::after {
  content: '';
  display: block;
  position: absolute;
  z-index: 1;
  top: 0;
  left: 0;
  right: 0;
  bottom: 0;
  margin: -4px;
  border-radius: 6px;
  pointer-events: none;
  -webkit-transition: box-shadow 125ms ease-out;
  transition: box-shadow 125ms ease-out;
}

.emotion-20:hover:not(:disabled) {
  background-color: #1CFF7B;
}

.emotion-20:active:not(:disabled) {
  background-color: #03EF62;
}

.emotion-20:disabled {
  opacity: 0.6;
  cursor: default;
}

.emotion-20:not(:last-child) {
  margin-bottom: 8px;
}

.emotion-21 {
  display: -webkit-box;
  display: -webkit-flex;
  display: -ms-flexbox;
  display: flex;
  gap: 8px;
  -webkit-align-items: center;
  -webkit-box-align: center;
  -ms-flex-align: center;
  align-items: center;
}

<div
  aria-labelledby="menu-trigger-123abC"
  aria-orientation="vertical"
  class="emotion-0"
  role="menu"
  tabindex="0"
>
  <div
    aria-labelledby="menu-category-123abC"
    role="group"
  >
    <p
      class="emotion-1"
      id="menu-category-123abC"
    >
      Singers
    </p>
    <button
      class="emotion-2"
      role="menuitem"
      tabindex="-1"
      type="button"
    >
      <div
        class="emotion-3"
        data-testid="alert-dot"
      />
      <span
        class="emotion-4"
      >
        <span
          class="emotion-5"
        >
          Taylor Swift
        </span>
        <span
          class="emotion-6"
        >
          Pop singer
        </span>
      </span>
    </button>
    <button
      class="emotion-2"
      role="menuitem"
      tabindex="-1"
      type="button"
    >
      <svg
        aria-hidden="true"
        height="16"
        viewBox="0 0 18 18"
        width="16"
      >
        <path
          d="M13.746 4.337a1.015 1.015 0 0 1 1.409-.099c.417.354.462.97.101 1.378l-7.13 8.047a1.015 1.015 0 0 1-1.483.03L2.771 9.67a.961.961 0 0 1 .044-1.38 1.015 1.015 0 0 1 1.412.041l3.113 3.235 6.406-7.229Z"
          fill="currentColor"
        />
      </svg>
      <span
        class="emotion-8"
      >
        <span
          class="emotion-9"
        >
          Ariana Grande
        </span>
      </span>
      <svg
        aria-hidden="true"
        height="16"
        viewBox="0 0 18 18"
        width="16"
      >
        <path
          d="M13.746 4.337a1.015 1.015 0 0 1 1.409-.099c.417.354.462.97.101 1.378l-7.13 8.047a1.015 1.015 0 0 1-1.483.03L2.771 9.67a.961.961 0 0 1 .044-1.38 1.015 1.015 0 0 1 1.412.041l3.113 3.235 6.406-7.229Z"
          fill="currentColor"
        />
      </svg>
    </button>
    <button
      class="emotion-10"
      role="menuitem"
      tabindex="-1"
      type="button"
    >
      <span
        class="emotion-11"
      >
        <span
          class="emotion-12"
        >
          Justin Bieber
        </span>
      </span>
    </button>
    <button
      class="emotion-2"
      disabled=""
      role="menuitem"
      tabindex="-1"
      type="button"
    >
      <span
        class="emotion-11"
      >
        <span
          class="emotion-9"
        >
          Nicki Minaj
        </span>
      </span>
    </button>
  </div>
  <div
    role="group"
  >
    <div
      class="emotion-16"
    />
    <button
      class="emotion-17"
      role="menuitem"
      tabindex="-1"
      type="button"
    >
      <span
        class="emotion-11"
      >
        <span
          class="emotion-9"
        >
          Remove Singers
        </span>
      </span>
    </button>
    <button
      class="emotion-20"
      role="menuitem"
      tabindex="-1"
      type="button"
    >
      <span
        class="emotion-21"
      >
        Log Out
      </span>
    </button>
  </div>
</div>
`;

exports[`Menu renders snapshot with categories, active style, icons, alert dot, disabled, destructive, and custom offset of regular menu 1`] = `
.emotion-0 {
  position: absolute;
  z-index: 7000;
  margin: 0;
  padding: 8px 0;
  outline: 0;
  list-style: none;
  border-radius: 4px;
  box-shadow: 0px 8px 12px -4px rgba(5, 25, 45, 0.3);
  width: 260px;
  top: 0px;
  left: 0px;
  background-color: #FFFFFF;
  border: 1px solid rgba(5, 25, 45, 0.15);
}

.emotion-1 {
  color: #05192D;
  font-family: Studio-Feixen-Sans,Arial,sans-serif;
  font-size: 14px;
  font-weight: 400;
  line-height: 1;
  margin: 0;
  padding: 0;
  color: #65707C;
  font-size: 10px;
  font-weight: 800;
  line-height: 1.25;
  letter-spacing: 1.5px;
  text-transform: uppercase;
  -webkit-user-select: none;
  -moz-user-select: none;
  -ms-user-select: none;
  user-select: none;
  padding: 8px 16px;
  margin: 0;
}

.emotion-2 {
  position: relative;
  display: -webkit-box;
  display: -webkit-flex;
  display: -ms-flexbox;
  display: flex;
  -webkit-align-items: center;
  -webkit-box-align: center;
  -ms-flex-align: center;
  align-items: center;
  width: calc(100% - 16px);
  min-height: 36px;
  padding: 0 12px;
  margin-left: 8px;
  margin-right: 8px;
  -webkit-text-decoration: none;
  text-decoration: none;
  border: 0;
  border-radius: 4px;
  outline: 0;
  -webkit-transition: background-color 125ms ease-out;
  transition: background-color 125ms ease-out;
  cursor: pointer;
  color: #05192D;
  background: transparent;
}

.emotion-2 svg {
  -webkit-flex-shrink: 0;
  -ms-flex-negative: 0;
  flex-shrink: 0;
}

.emotion-2:disabled {
  opacity: 0.6;
  cursor: default;
}

.emotion-2:hover:not(:disabled) {
  background-color: rgba(5, 25, 45, 0.1);
}

.emotion-3 {
  position: absolute;
  z-index: 1;
  top: 4px;
  left: 4px;
  width: 6px;
  height: 6px;
  background-color: #FF5400;
  border-radius: 50%;
}

.emotion-4 {
  display: -webkit-box;
  display: -webkit-flex;
  display: -ms-flexbox;
  display: flex;
  -webkit-flex-direction: column;
  -ms-flex-direction: column;
  flex-direction: column;
  -webkit-align-items: flex-start;
  -webkit-box-align: flex-start;
  -ms-flex-align: flex-start;
  align-items: flex-start;
  overflow: hidden;
  padding-top: 8px;
  padding-bottom: 8px;
  -webkit-box-flex: 1;
  -webkit-flex-grow: 1;
  -ms-flex-positive: 1;
  flex-grow: 1;
}

.emotion-5 {
  color: #05192D;
  font-family: Studio-Feixen-Sans,Arial,sans-serif;
  font-size: 14px;
  font-weight: 400;
  line-height: 1;
  margin: 0;
  padding: 0;
  display: block;
  text-align: left;
  color: inherit;
  font-weight: 400;
  line-height: 1.5;
  white-space: nowrap;
  overflow: hidden;
  text-overflow: ellipsis;
}

.emotion-6 {
  color: #05192D;
  font-family: Studio-Feixen-Sans,Arial,sans-serif;
  font-size: 14px;
  font-weight: 400;
  line-height: 1;
  margin: 0;
  padding: 0;
  display: block;
  text-align: left;
  color: #65707C;
  font-size: 12px;
  line-height: 1.5;
  margin-top: 2px;
}

.emotion-8 {
  display: -webkit-box;
  display: -webkit-flex;
  display: -ms-flexbox;
  display: flex;
  -webkit-flex-direction: row;
  -ms-flex-direction: row;
  flex-direction: row;
  -webkit-align-items: center;
  -webkit-box-align: center;
  -ms-flex-align: center;
  align-items: center;
  overflow: hidden;
  padding-top: 8px;
  padding-bottom: 8px;
  -webkit-box-flex: 1;
  -webkit-flex-grow: 1;
  -ms-flex-positive: 1;
  flex-grow: 1;
  padding-left: 8px;
  padding-right: 8px;
}

.emotion-9 {
  color: #05192D;
  font-family: Studio-Feixen-Sans,Arial,sans-serif;
  font-size: 14px;
  font-weight: 400;
  line-height: 1;
  margin: 0;
  padding: 0;
  display: block;
  text-align: left;
  color: inherit;
  font-weight: 400;
  line-height: 1.25;
  white-space: nowrap;
  overflow: hidden;
  text-overflow: ellipsis;
}

.emotion-10 {
  position: relative;
  display: -webkit-box;
  display: -webkit-flex;
  display: -ms-flexbox;
  display: flex;
  -webkit-align-items: center;
  -webkit-box-align: center;
  -ms-flex-align: center;
  align-items: center;
  width: calc(100% - 16px);
  min-height: 36px;
  padding: 0 12px;
  margin-left: 8px;
  margin-right: 8px;
  -webkit-text-decoration: none;
  text-decoration: none;
  border: 0;
  border-radius: 4px;
  outline: 0;
  -webkit-transition: background-color 125ms ease-out;
  transition: background-color 125ms ease-out;
  cursor: pointer;
  color: #05192D;
  background: #F7F7FC;
}

.emotion-10 svg {
  -webkit-flex-shrink: 0;
  -ms-flex-negative: 0;
  flex-shrink: 0;
}

.emotion-10:disabled {
  opacity: 0.6;
  cursor: default;
}

.emotion-10:hover:not(:disabled) {
  background-color: rgba(5, 25, 45, 0.1);
}

.emotion-11 {
  display: -webkit-box;
  display: -webkit-flex;
  display: -ms-flexbox;
  display: flex;
  -webkit-flex-direction: row;
  -ms-flex-direction: row;
  flex-direction: row;
  -webkit-align-items: center;
  -webkit-box-align: center;
  -ms-flex-align: center;
  align-items: center;
  overflow: hidden;
  padding-top: 8px;
  padding-bottom: 8px;
  -webkit-box-flex: 1;
  -webkit-flex-grow: 1;
  -ms-flex-positive: 1;
  flex-grow: 1;
}

.emotion-12 {
  color: #05192D;
  font-family: Studio-Feixen-Sans,Arial,sans-serif;
  font-size: 14px;
  font-weight: 400;
  line-height: 1;
  margin: 0;
  padding: 0;
  display: block;
  text-align: left;
  color: inherit;
  font-weight: 800;
  line-height: 1.25;
  white-space: nowrap;
  overflow: hidden;
  text-overflow: ellipsis;
}

.emotion-16 {
  height: 1px;
  background-color: rgba(5, 25, 45, 0.2);
  margin-top: 8px;
  margin-bottom: 8px;
  margin-right: 8px;
  margin-left: 8px;
}

.emotion-17 {
  position: relative;
  display: -webkit-box;
  display: -webkit-flex;
  display: -ms-flexbox;
  display: flex;
  -webkit-align-items: center;
  -webkit-box-align: center;
  -ms-flex-align: center;
  align-items: center;
  width: calc(100% - 16px);
  min-height: 36px;
  padding: 0 12px;
  margin-left: 8px;
  margin-right: 8px;
  -webkit-text-decoration: none;
  text-decoration: none;
  border: 0;
  border-radius: 4px;
  outline: 0;
  -webkit-transition: background-color 125ms ease-out;
  transition: background-color 125ms ease-out;
  cursor: pointer;
  color: #C01100;
  background: transparent;
}

.emotion-17 svg {
  -webkit-flex-shrink: 0;
  -ms-flex-negative: 0;
  flex-shrink: 0;
}

.emotion-17:disabled {
  opacity: 0.6;
  cursor: default;
}

.emotion-17:hover:not(:disabled) {
  background-color: rgba(192, 17, 0, 0.1);
}

.emotion-20 {
  position: relative;
  display: -webkit-inline-box;
  display: -webkit-inline-flex;
  display: -ms-inline-flexbox;
  display: inline-flex;
  -webkit-align-items: center;
  -webkit-box-align: center;
  -ms-flex-align: center;
  align-items: center;
  -webkit-box-pack: center;
  -ms-flex-pack: center;
  -webkit-justify-content: center;
  justify-content: center;
  -webkit-flex-shrink: 0;
  -ms-flex-negative: 0;
  flex-shrink: 0;
  vertical-align: middle;
  -webkit-text-decoration: none;
  text-decoration: none;
  font-family: Studio-Feixen-Sans,Arial,sans-serif;
  font-weight: 800;
  line-height: 1;
  margin: 0;
  padding: 0;
  outline: 0;
  border-style: solid;
  border-radius: 4px;
  border-width: 2px;
  -webkit-user-select: none;
  -moz-user-select: none;
  -ms-user-select: none;
  user-select: none;
  -webkit-transition: background-color 125ms ease-out;
  transition: background-color 125ms ease-out;
  cursor: pointer;
  height: 36px;
  min-width: 36px;
  width: auto;
  padding-left: 16px;
  padding-right: 16px;
  -webkit-flex-direction: column;
  -ms-flex-direction: column;
  flex-direction: column;
  font-size: 14px;
  color: #05192D;
  background-color: #03EF62;
  border-color: transparent;
  width: calc(100% - 16px);
  margin-left: 8px;
  margin-right: 8px;
}

.emotion-20::after {
  content: '';
  display: block;
  position: absolute;
  z-index: 1;
  top: 0;
  left: 0;
  right: 0;
  bottom: 0;
  margin: -4px;
  border-radius: 6px;
  pointer-events: none;
  -webkit-transition: box-shadow 125ms ease-out;
  transition: box-shadow 125ms ease-out;
}

.emotion-20:hover:not(:disabled) {
  background-color: #00D649;
}

.emotion-20:active:not(:disabled) {
  background-color: #03EF62;
}

.emotion-20:disabled {
  opacity: 0.6;
  cursor: default;
}

.emotion-20:not(:last-child) {
  margin-bottom: 8px;
}

.emotion-21 {
  display: -webkit-box;
  display: -webkit-flex;
  display: -ms-flexbox;
  display: flex;
  gap: 8px;
  -webkit-align-items: center;
  -webkit-box-align: center;
  -ms-flex-align: center;
  align-items: center;
}

<div
  aria-labelledby="menu-trigger-123abC"
  aria-orientation="vertical"
  class="emotion-0"
  role="menu"
  tabindex="0"
>
  <div
    aria-labelledby="menu-category-123abC"
    role="group"
  >
    <p
      class="emotion-1"
      id="menu-category-123abC"
    >
      Singers
    </p>
    <button
      class="emotion-2"
      role="menuitem"
      tabindex="-1"
      type="button"
    >
      <div
        class="emotion-3"
        data-testid="alert-dot"
      />
      <span
        class="emotion-4"
      >
        <span
          class="emotion-5"
        >
          Taylor Swift
        </span>
        <span
          class="emotion-6"
        >
          Pop singer
        </span>
      </span>
    </button>
    <button
      class="emotion-2"
      role="menuitem"
      tabindex="-1"
      type="button"
    >
      <svg
        aria-hidden="true"
        height="16"
        viewBox="0 0 18 18"
        width="16"
      >
        <path
          d="M13.746 4.337a1.015 1.015 0 0 1 1.409-.099c.417.354.462.97.101 1.378l-7.13 8.047a1.015 1.015 0 0 1-1.483.03L2.771 9.67a.961.961 0 0 1 .044-1.38 1.015 1.015 0 0 1 1.412.041l3.113 3.235 6.406-7.229Z"
          fill="currentColor"
        />
      </svg>
      <span
        class="emotion-8"
      >
        <span
          class="emotion-9"
        >
          Ariana Grande
        </span>
      </span>
      <svg
        aria-hidden="true"
        height="16"
        viewBox="0 0 18 18"
        width="16"
      >
        <path
          d="M13.746 4.337a1.015 1.015 0 0 1 1.409-.099c.417.354.462.97.101 1.378l-7.13 8.047a1.015 1.015 0 0 1-1.483.03L2.771 9.67a.961.961 0 0 1 .044-1.38 1.015 1.015 0 0 1 1.412.041l3.113 3.235 6.406-7.229Z"
          fill="currentColor"
        />
      </svg>
    </button>
    <button
      class="emotion-10"
      role="menuitem"
      tabindex="-1"
      type="button"
    >
      <span
        class="emotion-11"
      >
        <span
          class="emotion-12"
        >
          Justin Bieber
        </span>
      </span>
    </button>
    <button
      class="emotion-2"
      disabled=""
      role="menuitem"
      tabindex="-1"
      type="button"
    >
      <span
        class="emotion-11"
      >
        <span
          class="emotion-9"
        >
          Nicki Minaj
        </span>
      </span>
    </button>
  </div>
  <div
    role="group"
  >
    <div
      class="emotion-16"
    />
    <button
      class="emotion-17"
      role="menuitem"
      tabindex="-1"
      type="button"
    >
      <span
        class="emotion-11"
      >
        <span
          class="emotion-9"
        >
          Remove Singers
        </span>
      </span>
    </button>
    <button
      class="emotion-20"
      role="menuitem"
      tabindex="-1"
      type="button"
    >
      <span
        class="emotion-21"
      >
        Log Out
      </span>
    </button>
  </div>
</div>
`;
