// Jest Snapshot v1, https://goo.gl/fbAQLP

exports[`Notification renders snapshot of inverted banner notification with all optional content 1`] = `
.emotion-0 {
  position: relative;
  display: -webkit-box;
  display: -webkit-flex;
  display: -ms-flexbox;
  display: flex;
  background-color: #05192D;
  border: 1px solid rgba(255, 255, 255, 0.15);
  border-radius: 4px;
  padding: 12px;
  background: linear-gradient(
          rgba(6, 189, 252, 0.25),
          rgba(6, 189, 252, 0.25)
        ),linear-gradient(#05192D, #05192D);
  border: 1px solid rgba(6, 189, 252, 0.8);
  width: 100%;
  opacity: 1;
  -webkit-box-flex: 0;
  -webkit-flex-grow: 0;
  -ms-flex-positive: 0;
  flex-grow: 0;
  -webkit-box-pack: center;
  -ms-flex-pack: center;
  -webkit-justify-content: center;
  justify-content: center;
  border-width: 0 0 1px;
  border-radius: 0;
}

.emotion-1 {
  position: relative;
  z-index: 1;
  width: 28px;
  height: 28px;
  -webkit-flex-shrink: 0;
  -ms-flex-negative: 0;
  flex-shrink: 0;
}

.emotion-2 {
  position: absolute;
  top: 7px;
  left: 7px;
  width: 14px;
  height: 14px;
  border-radius: 50%;
  background-color: #FFFFFF;
}

.emotion-3 {
  display: -webkit-box;
  display: -webkit-flex;
  display: -ms-flexbox;
  display: flex;
  -webkit-align-items: center;
  -webkit-box-align: center;
  -ms-flex-align: center;
  align-items: center;
  -webkit-box-pack: center;
  -ms-flex-pack: center;
  -webkit-justify-content: center;
  justify-content: center;
  position: absolute;
  top: 0;
  left: 0;
  width: 100%;
  height: 100%;
  color: #009BD8;
}

.emotion-5 {
  padding-right: 8px;
  padding-left: 8px;
  -webkit-align-self: center;
  -ms-flex-item-align: center;
  align-self: center;
  -webkit-box-flex: 1;
  -webkit-flex-grow: 1;
  -ms-flex-positive: 1;
  flex-grow: 1;
}

.emotion-6 {
  display: -webkit-box;
  display: -webkit-flex;
  display: -ms-flexbox;
  display: flex;
  -webkit-flex-direction: column;
  -ms-flex-direction: column;
  flex-direction: column;
  -webkit-box-flex: 1;
  -webkit-flex-grow: 1;
  -ms-flex-positive: 1;
  flex-grow: 1;
  max-width: 1200px;
}

.emotion-7 {
  -webkit-box-flex: 1;
  -webkit-flex-grow: 1;
  -ms-flex-positive: 1;
  flex-grow: 1;
}

.emotion-8 {
  color: #05192D;
  font-family: Studio-Feixen-Sans,Arial,sans-serif;
  font-size: 14px;
  font-weight: 400;
  line-height: 1;
  margin: 0;
  padding: 0;
  color: #FFFFFF;
  font-weight: 800;
  font-size: 14px;
  margin-bottom: 8px;
  line-height: 1.25;
  margin: 0;
  margin-right: 8px;
  padding: 4px 0;
  line-height: 1.5;
}

.emotion-9 {
  color: #05192D;
  font-family: Studio-Feixen-Sans,Arial,sans-serif;
  font-size: 14px;
  font-weight: 400;
  line-height: 1;
  margin: 0;
  padding: 0;
  line-height: 1.5;
  margin-bottom: 8px;
  color: #FFFFFF;
  font-size: 14px;
  margin: 0;
  padding: 4px 0;
}

.emotion-10 {
  margin-left: -8px;
  margin-top: 4px;
  -webkit-flex-shrink: 0;
  -ms-flex-negative: 0;
  flex-shrink: 0;
}

.emotion-11 {
  position: relative;
  display: -webkit-inline-box;
  display: -webkit-inline-flex;
  display: -ms-inline-flexbox;
  display: inline-flex;
  -webkit-align-items: center;
  -webkit-box-align: center;
  -ms-flex-align: center;
  align-items: center;
  -webkit-box-pack: center;
  -ms-flex-pack: center;
  -webkit-justify-content: center;
  justify-content: center;
  -webkit-flex-shrink: 0;
  -ms-flex-negative: 0;
  flex-shrink: 0;
  vertical-align: middle;
  -webkit-text-decoration: none;
  text-decoration: none;
  font-family: Studio-Feixen-Sans,Arial,sans-serif;
  font-weight: 800;
  line-height: 1;
  margin: 0;
  padding: 0;
  outline: 0;
  border-style: solid;
  border-radius: 4px;
  border-width: 2px;
  -webkit-user-select: none;
  -moz-user-select: none;
  -ms-user-select: none;
  user-select: none;
  -webkit-transition: background-color 125ms ease-out;
  transition: background-color 125ms ease-out;
  cursor: pointer;
  height: 28px;
  min-width: 28px;
  width: auto;
  padding-left: 8px;
  padding-right: 8px;
  -webkit-flex-direction: column;
  -ms-flex-direction: column;
  flex-direction: column;
  font-size: 12px;
  color: #06BDFC;
  background-color: transparent;
  border-color: transparent;
}

.emotion-11::after {
  content: '';
  display: block;
  position: absolute;
  z-index: 1;
  top: 0;
  left: 0;
  right: 0;
  bottom: 0;
  margin: -4px;
  border-radius: 6px;
  pointer-events: none;
  -webkit-transition: box-shadow 125ms ease-out;
  transition: box-shadow 125ms ease-out;
}

.emotion-11:hover:not(:disabled) {
  background-color: rgba(255, 255, 255, 0.1);
}

.emotion-11:active:not(:disabled) {
  background-color: transparent;
}

.emotion-11:disabled {
  opacity: 0.6;
  cursor: default;
}

.emotion-12 {
  display: -webkit-box;
  display: -webkit-flex;
  display: -ms-flexbox;
  display: flex;
  gap: 4px;
  -webkit-align-items: center;
  -webkit-box-align: center;
  -ms-flex-align: center;
  align-items: center;
}

.emotion-13 {
  position: relative;
  display: -webkit-inline-box;
  display: -webkit-inline-flex;
  display: -ms-inline-flexbox;
  display: inline-flex;
  -webkit-align-items: center;
  -webkit-box-align: center;
  -ms-flex-align: center;
  align-items: center;
  -webkit-box-pack: center;
  -ms-flex-pack: center;
  -webkit-justify-content: center;
  justify-content: center;
  -webkit-flex-shrink: 0;
  -ms-flex-negative: 0;
  flex-shrink: 0;
  vertical-align: middle;
  -webkit-text-decoration: none;
  text-decoration: none;
  font-family: Studio-Feixen-Sans,Arial,sans-serif;
  font-weight: 800;
  line-height: 1;
  margin: 0;
  padding: 0;
  outline: 0;
  border-style: solid;
  border-radius: 4px;
  border-width: 2px;
  -webkit-user-select: none;
  -moz-user-select: none;
  -ms-user-select: none;
  user-select: none;
  -webkit-transition: background-color 125ms ease-out;
  transition: background-color 125ms ease-out;
  cursor: pointer;
  height: 28px;
  min-width: 28px;
  width: auto;
  -webkit-flex-direction: column;
  -ms-flex-direction: column;
  flex-direction: column;
  font-size: 12px;
  color: #06BDFC;
  background-color: transparent;
  border-color: transparent;
  color: #FFFFFF;
  -webkit-flex-shrink: 0;
  -ms-flex-negative: 0;
  flex-shrink: 0;
  margin-left: auto;
}

.emotion-13::after {
  content: '';
  display: block;
  position: absolute;
  z-index: 1;
  top: 0;
  left: 0;
  right: 0;
  bottom: 0;
  margin: -4px;
  border-radius: 6px;
  pointer-events: none;
  -webkit-transition: box-shadow 125ms ease-out;
  transition: box-shadow 125ms ease-out;
}

.emotion-13:hover:not(:disabled) {
  background-color: rgba(255, 255, 255, 0.1);
}

.emotion-13:active:not(:disabled) {
  background-color: transparent;
}

.emotion-13:disabled {
  opacity: 0.6;
  cursor: default;
}

<section
  class="emotion-0"
  role="status"
>
  <div
    class="emotion-1"
    data-testid="notification-icon"
  >
    <div
      class="emotion-2"
    />
    <div
      class="emotion-3"
    >
      <svg
        aria-hidden="true"
        class="emotion-4"
        height="16"
        viewBox="0 0 18 18"
        width="16"
      >
        <path
          d="M9 18A9 9 0 1 0 9 0a9 9 0 0 0 0 18ZM9 6a1 1 0 1 1 0-2 1 1 0 0 1 0 2Zm0 8a1 1 0 0 1-1-1V8a1 1 0 0 1 2 0v5a1 1 0 0 1-1 1Z"
          fill="currentColor"
        />
      </svg>
    </div>
  </div>
  <div
    class="emotion-5"
  >
    <div
      class="emotion-6"
    >
      <div
        class="emotion-7"
      >
        <h2
          class="emotion-8"
        >
          Banner notification title
        </h2>
        <p
          class="emotion-9"
        >
          Banner notification 
          <strong>
            description
          </strong>
          .
        </p>
      </div>
      <div
        class="emotion-10"
      >
        <button
          class="emotion-11"
          type="button"
        >
          <span
            class="emotion-12"
          >
            Action
          </span>
        </button>
      </div>
    </div>
  </div>
  <button
    aria-label="Close notification"
    class="emotion-13"
    type="button"
  >
    <svg
      aria-hidden="true"
      height="12"
      viewBox="0 0 18 18"
      width="12"
    >
      <path
        d="m9.005 7.625 4.83-4.83a.976.976 0 0 1 1.38 1.38l-4.83 4.83 4.82 4.82a.976.976 0 1 1-1.38 1.38l-4.82-4.82-4.83 4.83a.976.976 0 0 1-1.38-1.38l4.83-4.83-4.84-4.84a.976.976 0 1 1 1.38-1.38l4.84 4.84Z"
        fill="currentColor"
      />
    </svg>
  </button>
</section>
`;

exports[`Notification renders snapshot of inverted inline notification with all optional content 1`] = `
.emotion-0 {
  position: relative;
  display: -webkit-box;
  display: -webkit-flex;
  display: -ms-flexbox;
  display: flex;
  background-color: #05192D;
  border: 1px solid rgba(255, 255, 255, 0.15);
  border-radius: 4px;
  padding: 12px;
  background: linear-gradient(
          rgba(6, 189, 252, 0.25),
          rgba(6, 189, 252, 0.25)
        ),linear-gradient(#05192D, #05192D);
  border: 1px solid rgba(6, 189, 252, 0.8);
  width: 100%;
  opacity: 1;
}

.emotion-1 {
  position: absolute;
  z-index: 1;
  top: -1px;
  left: -1px;
  bottom: -1px;
  width: 4px;
  background-color: #06BDFC;
  border-top-left-radius: 4px;
  border-bottom-left-radius: 4px;
}

.emotion-2 {
  position: relative;
  z-index: 1;
  width: 28px;
  height: 28px;
  -webkit-flex-shrink: 0;
  -ms-flex-negative: 0;
  flex-shrink: 0;
}

.emotion-3 {
  position: absolute;
  top: 7px;
  left: 7px;
  width: 14px;
  height: 14px;
  border-radius: 50%;
  background-color: #FFFFFF;
}

.emotion-4 {
  display: -webkit-box;
  display: -webkit-flex;
  display: -ms-flexbox;
  display: flex;
  -webkit-align-items: center;
  -webkit-box-align: center;
  -ms-flex-align: center;
  align-items: center;
  -webkit-box-pack: center;
  -ms-flex-pack: center;
  -webkit-justify-content: center;
  justify-content: center;
  position: absolute;
  top: 0;
  left: 0;
  width: 100%;
  height: 100%;
  color: #009BD8;
}

.emotion-6 {
  padding-right: 8px;
  padding-left: 8px;
  -webkit-align-self: center;
  -ms-flex-item-align: center;
  align-self: center;
  -webkit-box-flex: 1;
  -webkit-flex-grow: 1;
  -ms-flex-positive: 1;
  flex-grow: 1;
}

.emotion-7 {
  display: -webkit-box;
  display: -webkit-flex;
  display: -ms-flexbox;
  display: flex;
  -webkit-flex-direction: column;
  -ms-flex-direction: column;
  flex-direction: column;
  -webkit-box-flex: 1;
  -webkit-flex-grow: 1;
  -ms-flex-positive: 1;
  flex-grow: 1;
}

.emotion-8 {
  -webkit-box-flex: 1;
  -webkit-flex-grow: 1;
  -ms-flex-positive: 1;
  flex-grow: 1;
}

.emotion-9 {
  color: #05192D;
  font-family: Studio-Feixen-Sans,Arial,sans-serif;
  font-size: 14px;
  font-weight: 400;
  line-height: 1;
  margin: 0;
  padding: 0;
  color: #FFFFFF;
  font-weight: 800;
  font-size: 14px;
  margin-bottom: 8px;
  line-height: 1.25;
  margin: 0;
  margin-right: 8px;
  padding: 4px 0;
  line-height: 1.5;
}

.emotion-10 {
  color: #05192D;
  font-family: Studio-Feixen-Sans,Arial,sans-serif;
  font-size: 14px;
  font-weight: 400;
  line-height: 1;
  margin: 0;
  padding: 0;
  line-height: 1.5;
  margin-bottom: 8px;
  color: #FFFFFF;
  font-size: 14px;
  margin: 0;
  padding: 4px 0;
}

.emotion-11 {
  margin-left: -8px;
  margin-top: 4px;
  -webkit-flex-shrink: 0;
  -ms-flex-negative: 0;
  flex-shrink: 0;
}

.emotion-12 {
  position: relative;
  display: -webkit-inline-box;
  display: -webkit-inline-flex;
  display: -ms-inline-flexbox;
  display: inline-flex;
  -webkit-align-items: center;
  -webkit-box-align: center;
  -ms-flex-align: center;
  align-items: center;
  -webkit-box-pack: center;
  -ms-flex-pack: center;
  -webkit-justify-content: center;
  justify-content: center;
  -webkit-flex-shrink: 0;
  -ms-flex-negative: 0;
  flex-shrink: 0;
  vertical-align: middle;
  -webkit-text-decoration: none;
  text-decoration: none;
  font-family: Studio-Feixen-Sans,Arial,sans-serif;
  font-weight: 800;
  line-height: 1;
  margin: 0;
  padding: 0;
  outline: 0;
  border-style: solid;
  border-radius: 4px;
  border-width: 2px;
  -webkit-user-select: none;
  -moz-user-select: none;
  -ms-user-select: none;
  user-select: none;
  -webkit-transition: background-color 125ms ease-out;
  transition: background-color 125ms ease-out;
  cursor: pointer;
  height: 28px;
  min-width: 28px;
  width: auto;
  padding-left: 8px;
  padding-right: 8px;
  -webkit-flex-direction: column;
  -ms-flex-direction: column;
  flex-direction: column;
  font-size: 12px;
  color: #06BDFC;
  background-color: transparent;
  border-color: transparent;
}

.emotion-12::after {
  content: '';
  display: block;
  position: absolute;
  z-index: 1;
  top: 0;
  left: 0;
  right: 0;
  bottom: 0;
  margin: -4px;
  border-radius: 6px;
  pointer-events: none;
  -webkit-transition: box-shadow 125ms ease-out;
  transition: box-shadow 125ms ease-out;
}

.emotion-12:hover:not(:disabled) {
  background-color: rgba(255, 255, 255, 0.1);
}

.emotion-12:active:not(:disabled) {
  background-color: transparent;
}

.emotion-12:disabled {
  opacity: 0.6;
  cursor: default;
}

.emotion-13 {
  display: -webkit-box;
  display: -webkit-flex;
  display: -ms-flexbox;
  display: flex;
  gap: 4px;
  -webkit-align-items: center;
  -webkit-box-align: center;
  -ms-flex-align: center;
  align-items: center;
}

.emotion-14 {
  position: relative;
  display: -webkit-inline-box;
  display: -webkit-inline-flex;
  display: -ms-inline-flexbox;
  display: inline-flex;
  -webkit-align-items: center;
  -webkit-box-align: center;
  -ms-flex-align: center;
  align-items: center;
  -webkit-box-pack: center;
  -ms-flex-pack: center;
  -webkit-justify-content: center;
  justify-content: center;
  -webkit-flex-shrink: 0;
  -ms-flex-negative: 0;
  flex-shrink: 0;
  vertical-align: middle;
  -webkit-text-decoration: none;
  text-decoration: none;
  font-family: Studio-Feixen-Sans,Arial,sans-serif;
  font-weight: 800;
  line-height: 1;
  margin: 0;
  padding: 0;
  outline: 0;
  border-style: solid;
  border-radius: 4px;
  border-width: 2px;
  -webkit-user-select: none;
  -moz-user-select: none;
  -ms-user-select: none;
  user-select: none;
  -webkit-transition: background-color 125ms ease-out;
  transition: background-color 125ms ease-out;
  cursor: pointer;
  height: 28px;
  min-width: 28px;
  width: auto;
  -webkit-flex-direction: column;
  -ms-flex-direction: column;
  flex-direction: column;
  font-size: 12px;
  color: #06BDFC;
  background-color: transparent;
  border-color: transparent;
  color: #FFFFFF;
  -webkit-flex-shrink: 0;
  -ms-flex-negative: 0;
  flex-shrink: 0;
  margin-left: auto;
}

.emotion-14::after {
  content: '';
  display: block;
  position: absolute;
  z-index: 1;
  top: 0;
  left: 0;
  right: 0;
  bottom: 0;
  margin: -4px;
  border-radius: 6px;
  pointer-events: none;
  -webkit-transition: box-shadow 125ms ease-out;
  transition: box-shadow 125ms ease-out;
}

.emotion-14:hover:not(:disabled) {
  background-color: rgba(255, 255, 255, 0.1);
}

.emotion-14:active:not(:disabled) {
  background-color: transparent;
}

.emotion-14:disabled {
  opacity: 0.6;
  cursor: default;
}

<section
  class="emotion-0"
  role="status"
>
  <div
    class="emotion-1"
  />
  <div
    class="emotion-2"
    data-testid="notification-icon"
  >
    <div
      class="emotion-3"
    />
    <div
      class="emotion-4"
    >
      <svg
        aria-hidden="true"
        class="emotion-5"
        height="16"
        viewBox="0 0 18 18"
        width="16"
      >
        <path
          d="M9 18A9 9 0 1 0 9 0a9 9 0 0 0 0 18ZM9 6a1 1 0 1 1 0-2 1 1 0 0 1 0 2Zm0 8a1 1 0 0 1-1-1V8a1 1 0 0 1 2 0v5a1 1 0 0 1-1 1Z"
          fill="currentColor"
        />
      </svg>
    </div>
  </div>
  <div
    class="emotion-6"
  >
    <div
      class="emotion-7"
    >
      <div
        class="emotion-8"
      >
        <h2
          class="emotion-9"
        >
          Inverted notification title
        </h2>
        <p
          class="emotion-10"
        >
          Inverted notification 
          <strong>
            description
          </strong>
          .
        </p>
      </div>
      <div
        class="emotion-11"
      >
        <button
          class="emotion-12"
          type="button"
        >
          <span
            class="emotion-13"
          >
            Action
          </span>
        </button>
      </div>
    </div>
  </div>
  <button
    aria-label="Close notification"
    class="emotion-14"
    type="button"
  >
    <svg
      aria-hidden="true"
      height="12"
      viewBox="0 0 18 18"
      width="12"
    >
      <path
        d="m9.005 7.625 4.83-4.83a.976.976 0 0 1 1.38 1.38l-4.83 4.83 4.82 4.82a.976.976 0 1 1-1.38 1.38l-4.82-4.82-4.83 4.83a.976.976 0 0 1-1.38-1.38l4.83-4.83-4.84-4.84a.976.976 0 1 1 1.38-1.38l4.84 4.84Z"
        fill="currentColor"
      />
    </svg>
  </button>
</section>
`;

exports[`Notification renders snapshot of regular banner notification with all optional content 1`] = `
.emotion-0 {
  position: relative;
  display: -webkit-box;
  display: -webkit-flex;
  display: -ms-flexbox;
  display: flex;
  background-color: #FFFFFF;
  border: 1px solid rgba(5, 25, 45, 0.15);
  border-radius: 4px;
  padding: 12px;
  background: linear-gradient(
          rgba(6, 189, 252, 0.15),
          rgba(6, 189, 252, 0.15)
        ),linear-gradient(#FFFFFF, #FFFFFF);
  border: 1px solid rgba(5, 25, 45, 0.2);
  width: 100%;
  opacity: 1;
  -webkit-box-flex: 0;
  -webkit-flex-grow: 0;
  -ms-flex-positive: 0;
  flex-grow: 0;
  -webkit-box-pack: center;
  -ms-flex-pack: center;
  -webkit-justify-content: center;
  justify-content: center;
  border-width: 0 0 1px;
  border-radius: 0;
}

.emotion-1 {
  position: relative;
  z-index: 1;
  width: 28px;
  height: 28px;
  -webkit-flex-shrink: 0;
  -ms-flex-negative: 0;
  flex-shrink: 0;
}

.emotion-2 {
  position: absolute;
  top: 7px;
  left: 7px;
  width: 14px;
  height: 14px;
  border-radius: 50%;
  background-color: #FFFFFF;
}

.emotion-3 {
  display: -webkit-box;
  display: -webkit-flex;
  display: -ms-flexbox;
  display: flex;
  -webkit-align-items: center;
  -webkit-box-align: center;
  -ms-flex-align: center;
  align-items: center;
  -webkit-box-pack: center;
  -ms-flex-pack: center;
  -webkit-justify-content: center;
  justify-content: center;
  position: absolute;
  top: 0;
  left: 0;
  width: 100%;
  height: 100%;
  color: #009BD8;
}

.emotion-5 {
  padding-right: 8px;
  padding-left: 8px;
  -webkit-align-self: center;
  -ms-flex-item-align: center;
  align-self: center;
  -webkit-box-flex: 1;
  -webkit-flex-grow: 1;
  -ms-flex-positive: 1;
  flex-grow: 1;
}

.emotion-6 {
  display: -webkit-box;
  display: -webkit-flex;
  display: -ms-flexbox;
  display: flex;
  -webkit-flex-direction: column;
  -ms-flex-direction: column;
  flex-direction: column;
  -webkit-box-flex: 1;
  -webkit-flex-grow: 1;
  -ms-flex-positive: 1;
  flex-grow: 1;
  max-width: 1200px;
}

.emotion-7 {
  -webkit-box-flex: 1;
  -webkit-flex-grow: 1;
  -ms-flex-positive: 1;
  flex-grow: 1;
}

.emotion-8 {
  color: #05192D;
  font-family: Studio-Feixen-Sans,Arial,sans-serif;
  font-size: 14px;
  font-weight: 400;
  line-height: 1;
  margin: 0;
  padding: 0;
  color: #05192D;
  font-weight: 800;
  font-size: 14px;
  margin-bottom: 8px;
  line-height: 1.25;
  margin: 0;
  margin-right: 8px;
  padding: 4px 0;
  line-height: 1.5;
}

.emotion-9 {
  color: #05192D;
  font-family: Studio-Feixen-Sans,Arial,sans-serif;
  font-size: 14px;
  font-weight: 400;
  line-height: 1;
  margin: 0;
  padding: 0;
  line-height: 1.5;
  margin-bottom: 8px;
  color: #05192D;
  font-size: 14px;
  margin: 0;
  padding: 4px 0;
}

.emotion-10 {
  margin-left: -8px;
  margin-top: 4px;
  -webkit-flex-shrink: 0;
  -ms-flex-negative: 0;
  flex-shrink: 0;
}

.emotion-11 {
  position: relative;
  display: -webkit-inline-box;
  display: -webkit-inline-flex;
  display: -ms-inline-flexbox;
  display: inline-flex;
  -webkit-align-items: center;
  -webkit-box-align: center;
  -ms-flex-align: center;
  align-items: center;
  -webkit-box-pack: center;
  -ms-flex-pack: center;
  -webkit-justify-content: center;
  justify-content: center;
  -webkit-flex-shrink: 0;
  -ms-flex-negative: 0;
  flex-shrink: 0;
  vertical-align: middle;
  -webkit-text-decoration: none;
  text-decoration: none;
  font-family: Studio-Feixen-Sans,Arial,sans-serif;
  font-weight: 800;
  line-height: 1;
  margin: 0;
  padding: 0;
  outline: 0;
  border-style: solid;
  border-radius: 4px;
  border-width: 2px;
  -webkit-user-select: none;
  -moz-user-select: none;
  -ms-user-select: none;
  user-select: none;
  -webkit-transition: background-color 125ms ease-out;
  transition: background-color 125ms ease-out;
  cursor: pointer;
  height: 28px;
  min-width: 28px;
  width: auto;
  padding-left: 8px;
  padding-right: 8px;
  -webkit-flex-direction: column;
  -ms-flex-direction: column;
  flex-direction: column;
  font-size: 12px;
  color: #0075AD;
  background-color: transparent;
  border-color: transparent;
}

.emotion-11::after {
  content: '';
  display: block;
  position: absolute;
  z-index: 1;
  top: 0;
  left: 0;
  right: 0;
  bottom: 0;
  margin: -4px;
  border-radius: 6px;
  pointer-events: none;
  -webkit-transition: box-shadow 125ms ease-out;
  transition: box-shadow 125ms ease-out;
}

.emotion-11:hover:not(:disabled) {
  background-color: rgba(5, 25, 45, 0.1);
}

.emotion-11:active:not(:disabled) {
  background-color: transparent;
}

.emotion-11:disabled {
  opacity: 0.6;
  cursor: default;
}

.emotion-12 {
  display: -webkit-box;
  display: -webkit-flex;
  display: -ms-flexbox;
  display: flex;
  gap: 4px;
  -webkit-align-items: center;
  -webkit-box-align: center;
  -ms-flex-align: center;
  align-items: center;
}

.emotion-13 {
  position: relative;
  display: -webkit-inline-box;
  display: -webkit-inline-flex;
  display: -ms-inline-flexbox;
  display: inline-flex;
  -webkit-align-items: center;
  -webkit-box-align: center;
  -ms-flex-align: center;
  align-items: center;
  -webkit-box-pack: center;
  -ms-flex-pack: center;
  -webkit-justify-content: center;
  justify-content: center;
  -webkit-flex-shrink: 0;
  -ms-flex-negative: 0;
  flex-shrink: 0;
  vertical-align: middle;
  -webkit-text-decoration: none;
  text-decoration: none;
  font-family: Studio-Feixen-Sans,Arial,sans-serif;
  font-weight: 800;
  line-height: 1;
  margin: 0;
  padding: 0;
  outline: 0;
  border-style: solid;
  border-radius: 4px;
  border-width: 2px;
  -webkit-user-select: none;
  -moz-user-select: none;
  -ms-user-select: none;
  user-select: none;
  -webkit-transition: background-color 125ms ease-out;
  transition: background-color 125ms ease-out;
  cursor: pointer;
  height: 28px;
  min-width: 28px;
  width: auto;
  -webkit-flex-direction: column;
  -ms-flex-direction: column;
  flex-direction: column;
  font-size: 12px;
  color: #0075AD;
  background-color: transparent;
  border-color: transparent;
  color: #05192D;
  -webkit-flex-shrink: 0;
  -ms-flex-negative: 0;
  flex-shrink: 0;
  margin-left: auto;
}

.emotion-13::after {
  content: '';
  display: block;
  position: absolute;
  z-index: 1;
  top: 0;
  left: 0;
  right: 0;
  bottom: 0;
  margin: -4px;
  border-radius: 6px;
  pointer-events: none;
  -webkit-transition: box-shadow 125ms ease-out;
  transition: box-shadow 125ms ease-out;
}

.emotion-13:hover:not(:disabled) {
  background-color: rgba(5, 25, 45, 0.1);
}

.emotion-13:active:not(:disabled) {
  background-color: transparent;
}

.emotion-13:disabled {
  opacity: 0.6;
  cursor: default;
}

<section
  class="emotion-0"
  role="status"
>
  <div
    class="emotion-1"
    data-testid="notification-icon"
  >
    <div
      class="emotion-2"
    />
    <div
      class="emotion-3"
    >
      <svg
        aria-hidden="true"
        class="emotion-4"
        height="16"
        viewBox="0 0 18 18"
        width="16"
      >
        <path
          d="M9 18A9 9 0 1 0 9 0a9 9 0 0 0 0 18ZM9 6a1 1 0 1 1 0-2 1 1 0 0 1 0 2Zm0 8a1 1 0 0 1-1-1V8a1 1 0 0 1 2 0v5a1 1 0 0 1-1 1Z"
          fill="currentColor"
        />
      </svg>
    </div>
  </div>
  <div
    class="emotion-5"
  >
    <div
      class="emotion-6"
    >
      <div
        class="emotion-7"
      >
        <h2
          class="emotion-8"
        >
          Banner notification title
        </h2>
        <p
          class="emotion-9"
        >
          Banner notification 
          <strong>
            description
          </strong>
          .
        </p>
      </div>
      <div
        class="emotion-10"
      >
        <button
          class="emotion-11"
          type="button"
        >
          <span
            class="emotion-12"
          >
            Action
          </span>
        </button>
      </div>
    </div>
  </div>
  <button
    aria-label="Close notification"
    class="emotion-13"
    type="button"
  >
    <svg
      aria-hidden="true"
      height="12"
      viewBox="0 0 18 18"
      width="12"
    >
      <path
        d="m9.005 7.625 4.83-4.83a.976.976 0 0 1 1.38 1.38l-4.83 4.83 4.82 4.82a.976.976 0 1 1-1.38 1.38l-4.82-4.82-4.83 4.83a.976.976 0 0 1-1.38-1.38l4.83-4.83-4.84-4.84a.976.976 0 1 1 1.38-1.38l4.84 4.84Z"
        fill="currentColor"
      />
    </svg>
  </button>
</section>
`;

exports[`Notification renders snapshot of regular inline notification with all optional content 1`] = `
.emotion-0 {
  position: relative;
  display: -webkit-box;
  display: -webkit-flex;
  display: -ms-flexbox;
  display: flex;
  background-color: #FFFFFF;
  border: 1px solid rgba(5, 25, 45, 0.15);
  border-radius: 4px;
  padding: 12px;
  background: linear-gradient(
          rgba(6, 189, 252, 0.15),
          rgba(6, 189, 252, 0.15)
        ),linear-gradient(#FFFFFF, #FFFFFF);
  border: 1px solid rgba(5, 25, 45, 0.2);
  width: 100%;
  opacity: 1;
}

.emotion-1 {
  position: absolute;
  z-index: 1;
  top: -1px;
  left: -1px;
  bottom: -1px;
  width: 4px;
  background-color: #06BDFC;
  border-top-left-radius: 4px;
  border-bottom-left-radius: 4px;
}

.emotion-2 {
  position: relative;
  z-index: 1;
  width: 28px;
  height: 28px;
  -webkit-flex-shrink: 0;
  -ms-flex-negative: 0;
  flex-shrink: 0;
}

.emotion-3 {
  position: absolute;
  top: 7px;
  left: 7px;
  width: 14px;
  height: 14px;
  border-radius: 50%;
  background-color: #FFFFFF;
}

.emotion-4 {
  display: -webkit-box;
  display: -webkit-flex;
  display: -ms-flexbox;
  display: flex;
  -webkit-align-items: center;
  -webkit-box-align: center;
  -ms-flex-align: center;
  align-items: center;
  -webkit-box-pack: center;
  -ms-flex-pack: center;
  -webkit-justify-content: center;
  justify-content: center;
  position: absolute;
  top: 0;
  left: 0;
  width: 100%;
  height: 100%;
  color: #009BD8;
}

.emotion-6 {
  padding-right: 8px;
  padding-left: 8px;
  -webkit-align-self: center;
  -ms-flex-item-align: center;
  align-self: center;
  -webkit-box-flex: 1;
  -webkit-flex-grow: 1;
  -ms-flex-positive: 1;
  flex-grow: 1;
}

.emotion-7 {
  display: -webkit-box;
  display: -webkit-flex;
  display: -ms-flexbox;
  display: flex;
  -webkit-flex-direction: column;
  -ms-flex-direction: column;
  flex-direction: column;
  -webkit-box-flex: 1;
  -webkit-flex-grow: 1;
  -ms-flex-positive: 1;
  flex-grow: 1;
}

.emotion-8 {
  -webkit-box-flex: 1;
  -webkit-flex-grow: 1;
  -ms-flex-positive: 1;
  flex-grow: 1;
}

.emotion-9 {
  color: #05192D;
  font-family: Studio-Feixen-Sans,Arial,sans-serif;
  font-size: 14px;
  font-weight: 400;
  line-height: 1;
  margin: 0;
  padding: 0;
  color: #05192D;
  font-weight: 800;
  font-size: 14px;
  margin-bottom: 8px;
  line-height: 1.25;
  margin: 0;
  margin-right: 8px;
  padding: 4px 0;
  line-height: 1.5;
}

.emotion-10 {
  color: #05192D;
  font-family: Studio-Feixen-Sans,Arial,sans-serif;
  font-size: 14px;
  font-weight: 400;
  line-height: 1;
  margin: 0;
  padding: 0;
  line-height: 1.5;
  margin-bottom: 8px;
  color: #05192D;
  font-size: 14px;
  margin: 0;
  padding: 4px 0;
}

.emotion-11 {
  margin-left: -8px;
  margin-top: 4px;
  -webkit-flex-shrink: 0;
  -ms-flex-negative: 0;
  flex-shrink: 0;
}

.emotion-12 {
  position: relative;
  display: -webkit-inline-box;
  display: -webkit-inline-flex;
  display: -ms-inline-flexbox;
  display: inline-flex;
  -webkit-align-items: center;
  -webkit-box-align: center;
  -ms-flex-align: center;
  align-items: center;
  -webkit-box-pack: center;
  -ms-flex-pack: center;
  -webkit-justify-content: center;
  justify-content: center;
  -webkit-flex-shrink: 0;
  -ms-flex-negative: 0;
  flex-shrink: 0;
  vertical-align: middle;
  -webkit-text-decoration: none;
  text-decoration: none;
  font-family: Studio-Feixen-Sans,Arial,sans-serif;
  font-weight: 800;
  line-height: 1;
  margin: 0;
  padding: 0;
  outline: 0;
  border-style: solid;
  border-radius: 4px;
  border-width: 2px;
  -webkit-user-select: none;
  -moz-user-select: none;
  -ms-user-select: none;
  user-select: none;
  -webkit-transition: background-color 125ms ease-out;
  transition: background-color 125ms ease-out;
  cursor: pointer;
  height: 28px;
  min-width: 28px;
  width: auto;
  padding-left: 8px;
  padding-right: 8px;
  -webkit-flex-direction: column;
  -ms-flex-direction: column;
  flex-direction: column;
  font-size: 12px;
  color: #0075AD;
  background-color: transparent;
  border-color: transparent;
}

.emotion-12::after {
  content: '';
  display: block;
  position: absolute;
  z-index: 1;
  top: 0;
  left: 0;
  right: 0;
  bottom: 0;
  margin: -4px;
  border-radius: 6px;
  pointer-events: none;
  -webkit-transition: box-shadow 125ms ease-out;
  transition: box-shadow 125ms ease-out;
}

.emotion-12:hover:not(:disabled) {
  background-color: rgba(5, 25, 45, 0.1);
}

.emotion-12:active:not(:disabled) {
  background-color: transparent;
}

.emotion-12:disabled {
  opacity: 0.6;
  cursor: default;
}

.emotion-13 {
  display: -webkit-box;
  display: -webkit-flex;
  display: -ms-flexbox;
  display: flex;
  gap: 4px;
  -webkit-align-items: center;
  -webkit-box-align: center;
  -ms-flex-align: center;
  align-items: center;
}

.emotion-14 {
  position: relative;
  display: -webkit-inline-box;
  display: -webkit-inline-flex;
  display: -ms-inline-flexbox;
  display: inline-flex;
  -webkit-align-items: center;
  -webkit-box-align: center;
  -ms-flex-align: center;
  align-items: center;
  -webkit-box-pack: center;
  -ms-flex-pack: center;
  -webkit-justify-content: center;
  justify-content: center;
  -webkit-flex-shrink: 0;
  -ms-flex-negative: 0;
  flex-shrink: 0;
  vertical-align: middle;
  -webkit-text-decoration: none;
  text-decoration: none;
  font-family: Studio-Feixen-Sans,Arial,sans-serif;
  font-weight: 800;
  line-height: 1;
  margin: 0;
  padding: 0;
  outline: 0;
  border-style: solid;
  border-radius: 4px;
  border-width: 2px;
  -webkit-user-select: none;
  -moz-user-select: none;
  -ms-user-select: none;
  user-select: none;
  -webkit-transition: background-color 125ms ease-out;
  transition: background-color 125ms ease-out;
  cursor: pointer;
  height: 28px;
  min-width: 28px;
  width: auto;
  -webkit-flex-direction: column;
  -ms-flex-direction: column;
  flex-direction: column;
  font-size: 12px;
  color: #0075AD;
  background-color: transparent;
  border-color: transparent;
  color: #05192D;
  -webkit-flex-shrink: 0;
  -ms-flex-negative: 0;
  flex-shrink: 0;
  margin-left: auto;
}

.emotion-14::after {
  content: '';
  display: block;
  position: absolute;
  z-index: 1;
  top: 0;
  left: 0;
  right: 0;
  bottom: 0;
  margin: -4px;
  border-radius: 6px;
  pointer-events: none;
  -webkit-transition: box-shadow 125ms ease-out;
  transition: box-shadow 125ms ease-out;
}

.emotion-14:hover:not(:disabled) {
  background-color: rgba(5, 25, 45, 0.1);
}

.emotion-14:active:not(:disabled) {
  background-color: transparent;
}

.emotion-14:disabled {
  opacity: 0.6;
  cursor: default;
}

<section
  class="emotion-0"
  role="status"
>
  <div
    class="emotion-1"
  />
  <div
    class="emotion-2"
    data-testid="notification-icon"
  >
    <div
      class="emotion-3"
    />
    <div
      class="emotion-4"
    >
      <svg
        aria-hidden="true"
        class="emotion-5"
        height="16"
        viewBox="0 0 18 18"
        width="16"
      >
        <path
          d="M9 18A9 9 0 1 0 9 0a9 9 0 0 0 0 18ZM9 6a1 1 0 1 1 0-2 1 1 0 0 1 0 2Zm0 8a1 1 0 0 1-1-1V8a1 1 0 0 1 2 0v5a1 1 0 0 1-1 1Z"
          fill="currentColor"
        />
      </svg>
    </div>
  </div>
  <div
    class="emotion-6"
  >
    <div
      class="emotion-7"
    >
      <div
        class="emotion-8"
      >
        <h2
          class="emotion-9"
        >
          Notification title
        </h2>
        <p
          class="emotion-10"
        >
          Notification 
          <strong>
            description
          </strong>
          .
        </p>
      </div>
      <div
        class="emotion-11"
      >
        <button
          class="emotion-12"
          type="button"
        >
          <span
            class="emotion-13"
          >
            Action
          </span>
        </button>
      </div>
    </div>
  </div>
  <button
    aria-label="Close notification"
    class="emotion-14"
    type="button"
  >
    <svg
      aria-hidden="true"
      height="12"
      viewBox="0 0 18 18"
      width="12"
    >
      <path
        d="m9.005 7.625 4.83-4.83a.976.976 0 0 1 1.38 1.38l-4.83 4.83 4.82 4.82a.976.976 0 1 1-1.38 1.38l-4.82-4.82-4.83 4.83a.976.976 0 0 1-1.38-1.38l4.83-4.83-4.84-4.84a.976.976 0 1 1 1.38-1.38l4.84 4.84Z"
        fill="currentColor"
      />
    </svg>
  </button>
</section>
`;
